Component: Arm Compiler for Embedded 6.21 Tool: armlink [5ec1fa00]

==============================================================================

Section Cross References

    startup_stm32f103xe.o(RESET) refers to startup_stm32f103xe.o(STACK) for __initial_sp
    startup_stm32f103xe.o(RESET) refers to startup_stm32f103xe.o(.text) for Reset_Handler
    startup_stm32f103xe.o(RESET) refers to stm32f1xx_it.o(.text.NMI_Handler) for NMI_Handler
    startup_stm32f103xe.o(RESET) refers to stm32f1xx_it.o(.text.HardFault_Handler) for HardFault_Handler
    startup_stm32f103xe.o(RESET) refers to stm32f1xx_it.o(.text.MemManage_Handler) for MemManage_Handler
    startup_stm32f103xe.o(RESET) refers to stm32f1xx_it.o(.text.BusFault_Handler) for BusFault_Handler
    startup_stm32f103xe.o(RESET) refers to stm32f1xx_it.o(.text.UsageFault_Handler) for UsageFault_Handler
    startup_stm32f103xe.o(RESET) refers to stm32f1xx_it.o(.text.SVC_Handler) for SVC_Handler
    startup_stm32f103xe.o(RESET) refers to stm32f1xx_it.o(.text.DebugMon_Handler) for DebugMon_Handler
    startup_stm32f103xe.o(RESET) refers to stm32f1xx_it.o(.text.PendSV_Handler) for PendSV_Handler
    startup_stm32f103xe.o(RESET) refers to stm32f1xx_it.o(.text.SysTick_Handler) for SysTick_Handler
    startup_stm32f103xe.o(RESET) refers to stm32f1xx_it.o(.text.DMA1_Channel4_IRQHandler) for DMA1_Channel4_IRQHandler
    startup_stm32f103xe.o(RESET) refers to stm32f1xx_it.o(.text.TIM3_IRQHandler) for TIM3_IRQHandler
    startup_stm32f103xe.o(RESET) refers to stm32f1xx_it.o(.text.TIM4_IRQHandler) for TIM4_IRQHandler
    startup_stm32f103xe.o(RESET) refers to stm32f1xx_it.o(.text.USART1_IRQHandler) for USART1_IRQHandler
    startup_stm32f103xe.o(RESET) refers to stm32f1xx_it.o(.text.TIM5_IRQHandler) for TIM5_IRQHandler
    startup_stm32f103xe.o(RESET) refers to stm32f1xx_it.o(.text.TIM6_IRQHandler) for TIM6_IRQHandler
    startup_stm32f103xe.o(RESET) refers to stm32f1xx_it.o(.text.TIM7_IRQHandler) for TIM7_IRQHandler
    startup_stm32f103xe.o(.text) refers to system_stm32f1xx.o(.text.SystemInit) for SystemInit
    startup_stm32f103xe.o(.text) refers to entry.o(.ARM.Collect$$$$00000000) for __main
    main.o(.text.main) refers to stm32f1xx_hal.o(.text.HAL_Init) for HAL_Init
    main.o(.text.main) refers to i2c.o(.bss.hi2c1) for hi2c1
    main.o(.text.main) refers to oled.o(.text.OLED_Init) for OLED_Init
    main.o(.text.main) refers to stm32f1xx_hal_rcc.o(.text.HAL_RCC_OscConfig) for HAL_RCC_OscConfig
    main.o(.text.main) refers to stm32f1xx_hal_rcc.o(.text.HAL_RCC_ClockConfig) for HAL_RCC_ClockConfig
    main.o(.text.main) refers to gpio.o(.text.MX_GPIO_Init) for MX_GPIO_Init
    main.o(.text.main) refers to dma.o(.text.MX_DMA_Init) for MX_DMA_Init
    main.o(.text.main) refers to i2c.o(.text.MX_I2C1_Init) for MX_I2C1_Init
    main.o(.text.main) refers to tim.o(.text.MX_TIM4_Init) for MX_TIM4_Init
    main.o(.text.main) refers to tim.o(.text.MX_TIM6_Init) for MX_TIM6_Init
    main.o(.text.main) refers to tim.o(.text.MX_TIM2_Init) for MX_TIM2_Init
    main.o(.text.main) refers to tim.o(.text.MX_TIM3_Init) for MX_TIM3_Init
    main.o(.text.main) refers to tim.o(.text.MX_TIM5_Init) for MX_TIM5_Init
    main.o(.text.main) refers to tim.o(.text.MX_TIM7_Init) for MX_TIM7_Init
    main.o(.text.main) refers to usart.o(.text.MX_USART1_UART_Init) for MX_USART1_UART_Init
    main.o(.text.main) refers to oled.o(.text.OLED_Clear) for OLED_Clear
    main.o(.text.main) refers to oled.o(.text.OLED_Display_On) for OLED_Display_On
    main.o(.text.main) refers to tim.o(.bss.htim6) for htim6
    main.o(.text.main) refers to stm32f1xx_hal_tim.o(.text.HAL_TIM_Base_Start_IT) for HAL_TIM_Base_Start_IT
    main.o(.text.main) refers to motor.o(.text.MOTOR_init) for MOTOR_init
    main.o(.text.main) refers to encoder.o(.text.ENCODER_init) for ENCODER_init
    main.o(.text.main) refers to range.o(.bss.test) for test
    main.o(.text.main) refers to encoder.o(.bss.measure) for measure
    main.o(.text.main) refers to range.o(.bss..L_MergedGlobals) for distances
    main.o(.text.main) refers to range.o(.text.RANGE_AcquireData) for RANGE_AcquireData
    main.o(.text.main) refers to oled.o(.text.OLED_Showdecimal) for OLED_Showdecimal
    main.o(.text.main) refers to oled.o(.text.OLED_ShowNum) for OLED_ShowNum
    main.o(.text.main) refers to range.o(.text.RANGE_Alarm) for RANGE_Alarm
    main.o(.text.main) refers to f2d.o(.text) for __aeabi_f2d
    main.o(.text.main) refers to printfa.o(i.__0printf) for __2printf
    main.o(.ARM.exidx.text.main) refers to main.o(.text.main) for [Anonymous Symbol]
    main.o(.text.SystemClock_Config) refers to stm32f1xx_hal_rcc.o(.text.HAL_RCC_OscConfig) for HAL_RCC_OscConfig
    main.o(.text.SystemClock_Config) refers to stm32f1xx_hal_rcc.o(.text.HAL_RCC_ClockConfig) for HAL_RCC_ClockConfig
    main.o(.ARM.exidx.text.SystemClock_Config) refers to main.o(.text.SystemClock_Config) for [Anonymous Symbol]
[...]
    Removing stm32f1xx_hal_uart.o(.text.HAL_MultiProcessor_ExitMuteMode), (116 bytes).
    Removing stm32f1xx_hal_uart.o(.ARM.exidx.text.HAL_MultiProcessor_ExitMuteMode), (8 bytes).
    Removing stm32f1xx_hal_uart.o(.text.HAL_HalfDuplex_EnableTransmitter), (44 bytes).
    Removing stm32f1xx_hal_uart.o(.ARM.exidx.text.HAL_HalfDuplex_EnableTransmitter), (8 bytes).
    Removing stm32f1xx_hal_uart.o(.text.HAL_HalfDuplex_EnableReceiver), (46 bytes).
    Removing stm32f1xx_hal_uart.o(.ARM.exidx.text.HAL_HalfDuplex_EnableReceiver), (8 bytes).
    Removing stm32f1xx_hal_uart.o(.text.HAL_UART_GetState), (14 bytes).
    Removing stm32f1xx_hal_uart.o(.ARM.exidx.text.HAL_UART_GetState), (8 bytes).
    Removing stm32f1xx_hal_uart.o(.text.HAL_UART_GetError), (4 bytes).
    Removing stm32f1xx_hal_uart.o(.ARM.exidx.text.HAL_UART_GetError), (8 bytes).
    Removing stm32f1xx_hal_uart.o(.text.UART_DMAReceiveCplt), (350 bytes).
    Removing stm32f1xx_hal_uart.o(.ARM.exidx.text.UART_DMAReceiveCplt), (8 bytes).
    Removing stm32f1xx_hal_uart.o(.text.UART_DMARxHalfCplt), (24 bytes).
    Removing stm32f1xx_hal_uart.o(.ARM.exidx.text.UART_DMARxHalfCplt), (8 bytes).
    Removing system_stm32f1xx.o(.text), (0 bytes).
    Removing system_stm32f1xx.o(.ARM.exidx.text.SystemInit), (8 bytes).
    Removing system_stm32f1xx.o(.text.SystemCoreClockUpdate), (92 bytes).
    Removing system_stm32f1xx.o(.ARM.exidx.text.SystemCoreClockUpdate), (8 bytes).
    Removing oled.o(.text), (0 bytes).
    Removing oled.o(.ARM.exidx.text.OLED_Init), (8 bytes).
    Removing oled.o(.ARM.exidx.text.OLED_Clear), (8 bytes).
    Removing oled.o(.text.OLED_WR_CMD), (52 bytes).
    Removing oled.o(.ARM.exidx.text.OLED_WR_CMD), (8 bytes).
    Removing oled.o(.text.OLED_WR_DATA), (52 bytes).
    Removing oled.o(.ARM.exidx.text.OLED_WR_DATA), (8 bytes).
    Removing oled.o(.text.OLED_WR_DATA_LINE), (44 bytes).
    Removing oled.o(.ARM.exidx.text.OLED_WR_DATA_LINE), (8 bytes).
    Removing oled.o(.text.OLED_On), (172 bytes).
    Removing oled.o(.ARM.exidx.text.OLED_On), (8 bytes).
    Removing oled.o(.ARM.exidx.text.OLED_Display_On), (8 bytes).
    Removing oled.o(.text.OLED_Display_Off), (106 bytes).
    Removing oled.o(.ARM.exidx.text.OLED_Display_Off), (8 bytes).
    Removing oled.o(.text.OLED_Set_Pos), (114 bytes).
    Removing oled.o(.ARM.exidx.text.OLED_Set_Pos), (8 bytes).
    Removing oled.o(.text.oled_pow), (92 bytes).
    Removing oled.o(.ARM.exidx.text.oled_pow), (8 bytes).
    Removing oled.o(.ARM.exidx.text.OLED_ShowChar), (8 bytes).
    Removing oled.o(.ARM.exidx.text.OLED_ShowString), (8 bytes).
    Removing oled.o(.ARM.exidx.text.OLED_ShowNum), (8 bytes).
    Removing oled.o(.ARM.exidx.text.OLED_Showdecimal), (8 bytes).
    Removing oled.o(.text.OLED_ShowCHinese), (2122 bytes).
    Removing oled.o(.ARM.exidx.text.OLED_ShowCHinese), (8 bytes).
    Removing oled.o(.text.OLED_DrawBMP), (534 bytes).
    Removing oled.o(.ARM.exidx.text.OLED_DrawBMP), (8 bytes).
    Removing oled.o(.text.OLED_HorizontalShift), (270 bytes).
    Removing oled.o(.ARM.exidx.text.OLED_HorizontalShift), (8 bytes).
    Removing oled.o(.text.OLED_HorizontalShift_stop), (268 bytes).
    Removing oled.o(.ARM.exidx.text.OLED_HorizontalShift_stop), (8 bytes).
    Removing oled.o(.text.OLED_Some_HorizontalShift), (272 bytes).
    Removing oled.o(.ARM.exidx.text.OLED_Some_HorizontalShift), (8 bytes).
    Removing oled.o(.text.OLED_VerticalAndHorizontalShift), (296 bytes).
    Removing oled.o(.ARM.exidx.text.OLED_VerticalAndHorizontalShift), (8 bytes).
    Removing oled.o(.text.OLED_DisplayMode), (52 bytes).
    Removing oled.o(.ARM.exidx.text.OLED_DisplayMode), (8 bytes).
    Removing oled.o(.text.OLED_IntensityControl), (78 bytes).
    Removing oled.o(.ARM.exidx.text.OLED_IntensityControl), (8 bytes).
    Removing oledfont.o(.text), (0 bytes).
    Removing oledfont.o(.rodata.Hzk), (192 bytes).
    Removing oledfont.o(.data.BMP1), (128 bytes).
    Removing range.o(.text), (0 bytes).
    Removing range.o(.ARM.exidx.text.HAL_TIM_IC_CaptureCallback), (8 bytes).
    Removing range.o(.ARM.exidx.text.RANGE_AcquireData), (8 bytes).
    Removing range.o(.ARM.exidx.text.RANGE_Alarm), (8 bytes).
    Removing delay.o(.text), (0 bytes).
    Removing delay.o(.ARM.exidx.text.delay_us), (8 bytes).
    Removing follow.o(.text), (0 bytes).
    Removing follow.o(.text.FOLLOW_Start), (64 bytes).
    Removing follow.o(.ARM.exidx.text.FOLLOW_Start), (8 bytes).
    Removing follow.o(.bss.statu), (16 bytes).
    Removing pid.o(.text), (0 bytes).
    Removing pid.o(.text.PID_update), (274 bytes).
    Removing pid.o(.ARM.exidx.text.PID_update), (8 bytes).
    Removing pid.o(.bss.motor_pid), (56 bytes).
    Removing motor.o(.text), (0 bytes).
    Removing motor.o(.ARM.exidx.text.MOTOR_init), (8 bytes).
    Removing motor.o(.text.MOTOR_Speed), (330 bytes).
    Removing motor.o(.ARM.exidx.text.MOTOR_Speed), (8 bytes).
    Removing encoder.o(.text), (0 bytes).
    Removing encoder.o(.ARM.exidx.text.ENCODER_init), (8 bytes).
    Removing redirect.o(.text), (0 bytes).
    Removing redirect.o(.text.REDIRECT_printf), (60 bytes).
    Removing redirect.o(.ARM.exidx.text.REDIRECT_printf), (8 bytes).
    Removing redirect.o(.bss.printf_temp), (100 bytes).
    Removing fcmpgt.o(.text), (28 bytes).

884 unused section(s) (total 59586 bytes) removed from the image.

==============================================================================

Image Symbol Table

    Local Symbols

    Symbol Name                              Value     Ov Type        Size  Object(Section)

    ../clib/division.s                       0x00000000   Number         0  aeabi_sdiv.o ABSOLUTE
    ../clib/microlib/division.c              0x00000000   Number         0  uidiv.o ABSOLUTE
    ../clib/microlib/division.c              0x00000000   Number         0  uldiv.o ABSOLUTE
    ../clib/microlib/init/entry.s            0x00000000   Number         0  entry.o ABSOLUTE
    ../clib/microlib/init/entry.s            0x00000000   Number         0  entry2.o ABSOLUTE
    ../clib/microlib/init/entry.s            0x00000000   Number         0  entry5.o ABSOLUTE
    ../clib/microlib/init/entry.s            0x00000000   Number         0  entry7a.o ABSOLUTE
    ../clib/microlib/init/entry.s            0x00000000   Number         0  entry7b.o ABSOLUTE
    ../clib/microlib/init/entry.s            0x00000000   Number         0  entry8a.o ABSOLUTE
    ../clib/microlib/init/entry.s            0x00000000   Number         0  entry8b.o ABSOLUTE
    ../clib/microlib/init/entry.s            0x00000000   Number         0  entry9a.o ABSOLUTE
    ../clib/microlib/init/entry.s            0x00000000   Number         0  entry9b.o ABSOLUTE
    ../clib/microlib/init/entry.s            0x00000000   Number         0  entry10a.o ABSOLUTE
    ../clib/microlib/init/entry.s            0x00000000   Number         0  entry10b.o ABSOLUTE
    ../clib/microlib/init/entry.s            0x00000000   Number         0  entry11a.o ABSOLUTE
    ../clib/microlib/init/entry.s            0x00000000   Number         0  entry11b.o ABSOLUTE
    ../clib/microlib/longlong.c              0x00000000   Number         0  llshl.o ABSOLUTE
    ../clib/microlib/longlong.c              0x00000000   Number         0  llushr.o ABSOLUTE
    ../clib/microlib/longlong.c              0x00000000   Number         0  llsshr.o ABSOLUTE
    ../clib/microlib/printf/printf.c         0x00000000   Number         0  printfb.o ABSOLUTE
    ../clib/microlib/printf/printf.c         0x00000000   Number         0  printf0.o ABSOLUTE
    ../clib/microlib/printf/printf.c         0x00000000   Number         0  printf1.o ABSOLUTE
    ../clib/microlib/printf/printf.c         0x00000000   Number         0  printf2.o ABSOLUTE
    ../clib/microlib/printf/printf.c         0x00000000   Number         0  printf3.o ABSOLUTE
    ../clib/microlib/printf/printf.c         0x00000000   Number         0  printf4.o ABSOLUTE
    ../clib/microlib/printf/printf.c         0x00000000   Number         0  printf5.o ABSOLUTE
    ../clib/microlib/printf/printf.c         0x00000000   Number         0  printf6.o ABSOLUTE
    ../clib/microlib/printf/printf.c         0x00000000   Number         0  printf7.o ABSOLUTE
    ../clib/microlib/printf/printf.c         0x00000000   Number         0  printf8.o ABSOLUTE
    ../clib/microlib/printf/printf.c         0x00000000   Number         0  printfa.o ABSOLUTE
    ../clib/microlib/printf/stubs.s          0x00000000   Number         0  printfstubs.o ABSOLUTE
    ../clib/microlib/stdio/streams.c         0x00000000   Number         0  stdout.o ABSOLUTE
    ../clib/microlib/stubs.s                 0x00000000   Number         0  iusefp.o ABSOLUTE
    ../fplib/microlib/d2f.c                  0x00000000   Number         0  d2f.o ABSOLUTE
    ../fplib/microlib/f2d.c                  0x00000000   Number         0  f2d.o ABSOLUTE
    ../fplib/microlib/fpadd.c                0x00000000   Number         0  fadd.o ABSOLUTE
    ../fplib/microlib/fpadd.c                0x00000000   Number         0  dadd.o ABSOLUTE
    ../fplib/microlib/fpcmp.c                0x00000000   Number         0  fcmplt.o ABSOLUTE
    ../fplib/microlib/fpcmp.c                0x00000000   Number         0  fcmpge.o ABSOLUTE
    ../fplib/microlib/fpcmp.c                0x00000000   Number         0  fcmpgt.o ABSOLUTE
    ../fplib/microlib/fpdiv.c                0x00000000   Number         0  fdiv.o ABSOLUTE
    ../fplib/microlib/fpdiv.c                0x00000000   Number         0  ddiv.o ABSOLUTE
    ../fplib/microlib/fpepilogue.c           0x00000000   Number         0  fepilogue.o ABSOLUTE
    ../fplib/microlib/fpepilogue.c           0x00000000   Number         0  depilogue.o ABSOLUTE
    ../fplib/microlib/fpfix.c                0x00000000   Number         0  ffixi.o ABSOLUTE
    ../fplib/microlib/fpfix.c                0x00000000   Number         0  dfixul.o ABSOLUTE
    ../fplib/microlib/fpflt.c                0x00000000   Number         0  fflti.o ABSOLUTE
    ../fplib/microlib/fpflt.c                0x00000000   Number         0  ffltui.o ABSOLUTE
    ../fplib/microlib/fpflt.c                0x00000000   Number         0  dfltui.o ABSOLUTE
    ../fplib/microlib/fpmul.c                0x00000000   Number         0  fmul.o ABSOLUTE
    ../fplib/microlib/fpmul.c                0x00000000   Number         0  dmul.o ABSOLUTE
    cdrcmple.s                               0x00000000   Number         0  cdrcmple.o ABSOLUTE
    dc.s                                     0x00000000   Number         0  dc.o ABSOLUTE
    delay.c                                  0x00000000   Number         0  delay.o ABSOLUTE
    dma.c                                    0x00000000   Number         0  dma.o ABSOLUTE
    encoder.c                                0x00000000   Number         0  encoder.o ABSOLUTE
    follow.c                                 0x00000000   Number         0  follow.o ABSOLUTE
    gpio.c                                   0x00000000   Number         0  gpio.o ABSOLUTE
    handlers.s                               0x00000000   Number         0  handlers.o ABSOLUTE
    i2c.c                                    0x00000000   Number         0  i2c.o ABSOLUTE
    init.s                                   0x00000000   Number         0  init.o ABSOLUTE
    main.c                                   0x00000000   Number         0  main.o ABSOLUTE
    motor.c                                  0x00000000   Number         0  motor.o ABSOLUTE
    oled.c                                   0x00000000   Number         0  oled.o ABSOLUTE
    oledfont.c                               0x00000000   Number         0  oledfont.o ABSOLUTE
    pid.c                                    0x00000000   Number         0  pid.o ABSOLUTE
    range.c                                  0x00000000   Number         0  range.o ABSOLUTE
    redirect.c                               0x00000000   Number         0  redirect.o ABSOLUTE
    startup_stm32f103xe.s                    0x00000000   Number         0  startup_stm32f103xe.o ABSOLUTE
    stm32f1xx_hal.c                          0x00000000   Number         0  stm32f1xx_hal.o ABSOLUTE
    stm32f1xx_hal_cortex.c                   0x00000000   Number         0  stm32f1xx_hal_cortex.o ABSOLUTE
    stm32f1xx_hal_dma.c                      0x00000000   Number         0  stm32f1xx_hal_dma.o ABSOLUTE
    stm32f1xx_hal_exti.c                     0x00000000   Number         0  stm32f1xx_hal_exti.o ABSOLUTE
    stm32f1xx_hal_flash.c                    0x00000000   Number         0  stm32f1xx_hal_flash.o ABSOLUTE
    stm32f1xx_hal_flash_ex.c                 0x00000000   Number         0  stm32f1xx_hal_flash_ex.o ABSOLUTE
    stm32f1xx_hal_gpio.c                     0x00000000   Number         0  stm32f1xx_hal_gpio.o ABSOLUTE
    stm32f1xx_hal_gpio_ex.c                  0x00000000   Number         0  stm32f1xx_hal_gpio_ex.o ABSOLUTE
    stm32f1xx_hal_i2c.c                      0x00000000   Number         0  stm32f1xx_hal_i2c.o ABSOLUTE
    stm32f1xx_hal_msp.c                      0x00000000   Number         0  stm32f1xx_hal_msp.o ABSOLUTE
    stm32f1xx_hal_pwr.c                      0x00000000   Number         0  stm32f1xx_hal_pwr.o ABSOLUTE
    stm32f1xx_hal_rcc.c                      0x00000000   Number         0  stm32f1xx_hal_rcc.o ABSOLUTE
    stm32f1xx_hal_rcc_ex.c                   0x00000000   Number         0  stm32f1xx_hal_rcc_ex.o ABSOLUTE
    stm32f1xx_hal_tim.c                      0x00000000   Number         0  stm32f1xx_hal_tim.o ABSOLUTE
    stm32f1xx_hal_tim_ex.c                   0x00000000   Number         0  stm32f1xx_hal_tim_ex.o ABSOLUTE
    stm32f1xx_hal_uart.c                     0x00000000   Number         0  stm32f1xx_hal_uart.o ABSOLUTE
    stm32f1xx_it.c                           0x00000000   Number         0  stm32f1xx_it.o ABSOLUTE
    system_stm32f1xx.c                       0x00000000   Number         0  system_stm32f1xx.o ABSOLUTE
    tim.c                                    0x00000000   Number         0  tim.o ABSOLUTE
    usart.c                                  0x00000000   Number         0  usart.o ABSOLUTE
    RESET                                    0x08000000   Section      304  startup_stm32f103xe.o(RESET)
    .ARM.Collect$$$$00000000                 0x08000130   Section        0  entry.o(.ARM.Collect$$$$00000000)
    .ARM.Collect$$$$00000001                 0x08000130   Section        4  entry2.o(.ARM.Collect$$$$00000001)
    .ARM.Collect$$$$00000004                 0x08000134   Section        4  entry5.o(.ARM.Collect$$$$00000004)
    .ARM.Collect$$$$00000008                 0x08000138   Section        0  entry7b.o(.ARM.Collect$$$$00000008)
    .ARM.Collect$$$$0000000A                 0x08000138   Section        0  entry8b.o(.ARM.Collect$$$$0000000A)
    .ARM.Collect$$$$0000000B                 0x08000138   Section        8  entry9a.o(.ARM.Collect$$$$0000000B)
    __lit__00000000                          0x08000140   Data           4  entry2.o(.ARM.Collect$$$$00002712)
    .ARM.Collect$$$$0000000D                 0x08000140   Section        0  entry10a.o(.ARM.Collect$$$$0000000D)
    .ARM.Collect$$$$0000000F                 0x08000140   Section        0  entry11a.o(.ARM.Collect$$$$0000000F)
    .ARM.Collect$$$$00002712                 0x08000140   Section        4  entry2.o(.ARM.Collect$$$$00002712)
    .text                                    0x08000144   Section       36  startup_stm32f103xe.o(.text)
    .text                                    0x08000168   Section        0  fadd.o(.text)
    .text                                    0x08000218   Section        0  fmul.o(.text)
    .text                                    0x0800027c   Section        0  fdiv.o(.text)
    .text                                    0x080002f8   Section        0  dmul.o(.text)
    .text                                    0x080003dc   Section        0  fcmplt.o(.text)
    .text                                    0x080003f8   Section        0  fcmpge.o(.text)
    .text                                    0x08000414   Section        0  fflti.o(.text)
    .text                                    0x08000426   Section        0  ffltui.o(.text)
    .text                                    0x08000430   Section        0  dfltui.o(.text)
    .text                                    0x0800044a   Section        0  ffixi.o(.text)
    .text                                    0x0800047c   Section        0  f2d.o(.text)
    .text                                    0x080004a2   Section        0  d2f.o(.text)
    .text                                    0x080004da   Section        0  uidiv.o(.text)
    .text                                    0x08000506   Section        0  uldiv.o(.text)
    .text                                    0x08000568   Section        0  iusefp.o(.text)
    .text                                    0x08000568   Section        0  fepilogue.o(.text)
    .text                                    0x080005d6   Section        0  depilogue.o(.text)
    .text                                    0x08000690   Section        0  dadd.o(.text)
    .text                                    0x080007de   Section        0  ddiv.o(.text)
    .text                                    0x080008bc   Section        0  dfixul.o(.text)
    .text                                    0x080008ec   Section       48  cdrcmple.o(.text)
    .text                                    0x0800091c   Section       48  init.o(.text)
    .text                                    0x0800094c   Section        0  llshl.o(.text)
    .text                                    0x0800096a   Section        0  llushr.o(.text)
    .text                                    0x0800098a   Section        0  llsshr.o(.text)
    [Anonymous Symbol]                       0x080009b0   Section        0  stm32f1xx_it.o(.text.BusFault_Handler)
    [Anonymous Symbol]                       0x080009b4   Section        0  stm32f1xx_it.o(.text.DMA1_Channel4_IRQHandler)
    [Anonymous Symbol]                       0x080009c0   Section        0  stm32f1xx_it.o(.text.DebugMon_Handler)
    [Anonymous Symbol]                       0x080009c4   Section        0  encoder.o(.text.ENCODER_init)
    [Anonymous Symbol]                       0x08000a04   Section        0  main.o(.text.Error_Handler)
    [Anonymous Symbol]                       0x08000a10   Section        0  stm32f1xx_hal_dma.o(.text.HAL_DMA_Abort)
    [Anonymous Symbol]                       0x08000a58   Section        0  stm32f1xx_hal_dma.o(.text.HAL_DMA_Abort_IT)
    [Anonymous Symbol]                       0x08000b88   Section        0  stm32f1xx_hal_dma.o(.text.HAL_DMA_IRQHandler)
    [Anonymous Symbol]                       0x08000e18   Section        0  stm32f1xx_hal_dma.o(.text.HAL_DMA_Init)
    [Anonymous Symbol]                       0x08000eb8   Section        0  stm32f1xx_hal.o(.text.HAL_Delay)
    [Anonymous Symbol]                       0x08000ee0   Section        0  stm32f1xx_hal_gpio.o(.text.HAL_GPIO_Init)
    [Anonymous Symbol]                       0x080010d4   Section        0  stm32f1xx_hal_gpio.o(.text.HAL_GPIO_WritePin)
    [Anonymous Symbol]                       0x080010e0   Section        0  stm32f1xx_hal.o(.text.HAL_GetTick)
    [Anonymous Symbol]                       0x080010ec   Section        0  stm32f1xx_hal_i2c.o(.text.HAL_I2C_Init)
    [Anonymous Symbol]                       0x08001250   Section        0  stm32f1xx_hal_i2c.o(.text.HAL_I2C_Mem_Write)
    [Anonymous Symbol]                       0x080013ac   Section        0  i2c.o(.text.HAL_I2C_MspInit)
    [Anonymous Symbol]                       0x08001428   Section        0  stm32f1xx_hal.o(.text.HAL_IncTick)
    [Anonymous Symbol]                       0x08001444   Section        0  stm32f1xx_hal.o(.text.HAL_Init)
    [Anonymous Symbol]                       0x0800146c   Section        0  stm32f1xx_hal.o(.text.HAL_InitTick)
    [Anonymous Symbol]                       0x080014b4   Section        0  stm32f1xx_hal_msp.o(.text.HAL_MspInit)
    [Anonymous Symbol]                       0x080014f8   Section        0  stm32f1xx_hal_cortex.o(.text.HAL_NVIC_EnableIRQ)
    [Anonymous Symbol]                       0x0800151c   Section        0  stm32f1xx_hal_cortex.o(.text.HAL_NVIC_SetPriority)
    [Anonymous Symbol]                       0x08001574   Section        0  stm32f1xx_hal_cortex.o(.text.HAL_NVIC_SetPriorityGrouping)
    [Anonymous Symbol]                       0x08001594   Section        0  stm32f1xx_hal_rcc.o(.text.HAL_RCC_ClockConfig)
    [Anonymous Symbol]                       0x08001758   Section        0  stm32f1xx_hal_rcc.o(.text.HAL_RCC_GetHCLKFreq)
    [Anonymous Symbol]                       0x08001764   Section        0  stm32f1xx_hal_rcc.o(.text.HAL_RCC_GetPCLK1Freq)
    [Anonymous Symbol]                       0x0800178c   Section        0  stm32f1xx_hal_rcc.o(.text.HAL_RCC_GetPCLK2Freq)
    [Anonymous Symbol]                       0x080017b4   Section        0  stm32f1xx_hal_rcc.o(.text.HAL_RCC_OscConfig)
    [Anonymous Symbol]                       0x08001bb4   Section        0  stm32f1xx_hal_cortex.o(.text.HAL_SYSTICK_Config)
    [Anonymous Symbol]                       0x08001be0   Section        0  stm32f1xx_hal_tim_ex.o(.text.HAL_TIMEx_BreakCallback)
    [Anonymous Symbol]                       0x08001be4   Section        0  stm32f1xx_hal_tim_ex.o(.text.HAL_TIMEx_CommutCallback)
    [Anonymous Symbol]                       0x08001be8   Section        0  stm32f1xx_hal_tim_ex.o(.text.HAL_TIMEx_MasterConfigSynchronization)
    [Anonymous Symbol]                       0x08001c80   Section        0  stm32f1xx_hal_tim.o(.text.HAL_TIM_Base_Init)
    [Anonymous Symbol]                       0x08001da8   Section        0  tim.o(.text.HAL_TIM_Base_MspInit)
    [Anonymous Symbol]                       0x08001eac   Section        0  stm32f1xx_hal_tim.o(.text.HAL_TIM_Base_Start_IT)
    [Anonymous Symbol]                       0x08001f34   Section        0  stm32f1xx_hal_tim.o(.text.HAL_TIM_Base_Stop_IT)
    [Anonymous Symbol]                       0x08001f70   Section        0  stm32f1xx_hal_tim.o(.text.HAL_TIM_ConfigClockSource)
    [Anonymous Symbol]                       0x08002110   Section        0  stm32f1xx_hal_tim.o(.text.HAL_TIM_Encoder_Init)
    [Anonymous Symbol]                       0x08002294   Section        0  tim.o(.text.HAL_TIM_Encoder_MspInit)
    [Anonymous Symbol]                       0x0800234c   Section        0  stm32f1xx_hal_tim.o(.text.HAL_TIM_Encoder_Start)
    [Anonymous Symbol]                       0x08002408   Section        0  range.o(.text.HAL_TIM_IC_CaptureCallback)
    [Anonymous Symbol]                       0x08002498   Section        0  stm32f1xx_hal_tim.o(.text.HAL_TIM_IC_ConfigChannel)
    [Anonymous Symbol]                       0x08002638   Section        0  stm32f1xx_hal_tim.o(.text.HAL_TIM_IC_Init)
    [Anonymous Symbol]                       0x08002760   Section        0  stm32f1xx_hal_tim.o(.text.HAL_TIM_IC_MspInit)
    [Anonymous Symbol]                       0x08002764   Section        0  stm32f1xx_hal_tim.o(.text.HAL_TIM_IC_Start_IT)
    [Anonymous Symbol]                       0x080028a8   Section        0  stm32f1xx_hal_tim.o(.text.HAL_TIM_IC_Stop_IT)
    [Anonymous Symbol]                       0x08002940   Section        0  stm32f1xx_hal_tim.o(.text.HAL_TIM_IRQHandler)
    [Anonymous Symbol]                       0x08002ab0   Section        0  stm32f1xx_hal_tim.o(.text.HAL_TIM_OC_DelayElapsedCallback)
    [Anonymous Symbol]                       0x08002ab4   Section        0  stm32f1xx_hal_tim.o(.text.HAL_TIM_PWM_ConfigChannel)
    [Anonymous Symbol]                       0x08002d20   Section        0  stm32f1xx_hal_tim.o(.text.HAL_TIM_PWM_Init)
    [Anonymous Symbol]                       0x08002e48   Section        0  stm32f1xx_hal_tim.o(.text.HAL_TIM_PWM_MspInit)
    [Anonymous Symbol]                       0x08002e4c   Section        0  stm32f1xx_hal_tim.o(.text.HAL_TIM_PWM_PulseFinishedCallback)
    [Anonymous Symbol]                       0x08002e50   Section        0  stm32f1xx_hal_tim.o(.text.HAL_TIM_PWM_Start)
    [Anonymous Symbol]                       0x08002f30   Section        0  main.o(.text.HAL_TIM_PeriodElapsedCallback)
    [Anonymous Symbol]                       0x08003030   Section        0  stm32f1xx_hal_tim.o(.text.HAL_TIM_ReadCapturedValue)
    [Anonymous Symbol]                       0x08003064   Section        0  stm32f1xx_hal_tim.o(.text.HAL_TIM_TriggerCallback)
    [Anonymous Symbol]                       0x08003068   Section        0  stm32f1xx_hal_uart.o(.text.HAL_UARTEx_RxEventCallback)
    [Anonymous Symbol]                       0x0800306c   Section        0  stm32f1xx_hal_uart.o(.text.HAL_UART_ErrorCallback)
    [Anonymous Symbol]                       0x08003070   Section        0  stm32f1xx_hal_uart.o(.text.HAL_UART_IRQHandler)
    [Anonymous Symbol]                       0x080035e0   Section        0  stm32f1xx_hal_uart.o(.text.HAL_UART_Init)
    [Anonymous Symbol]                       0x080036c4   Section        0  usart.o(.text.HAL_UART_MspInit)
    [Anonymous Symbol]                       0x0800378c   Section        0  stm32f1xx_hal_uart.o(.text.HAL_UART_RxCpltCallback)
    [Anonymous Symbol]                       0x08003790   Section        0  stm32f1xx_hal_uart.o(.text.HAL_UART_Transmit)
    [Anonymous Symbol]                       0x08003a08   Section        0  stm32f1xx_hal_uart.o(.text.HAL_UART_TxCpltCallback)
    [Anonymous Symbol]                       0x08003a0c   Section        0  stm32f1xx_it.o(.text.HardFault_Handler)
    I2C_RequestMemoryWrite                   0x08003a11   Thumb Code   200  stm32f1xx_hal_i2c.o(.text.I2C_RequestMemoryWrite)
    [Anonymous Symbol]                       0x08003a10   Section        0  stm32f1xx_hal_i2c.o(.text.I2C_RequestMemoryWrite)
    I2C_WaitOnBTFFlagUntilTimeout            0x08003ad9   Thumb Code   186  stm32f1xx_hal_i2c.o(.text.I2C_WaitOnBTFFlagUntilTimeout)
    [Anonymous Symbol]                       0x08003ad8   Section        0  stm32f1xx_hal_i2c.o(.text.I2C_WaitOnBTFFlagUntilTimeout)
    I2C_WaitOnFlagUntilTimeout               0x08003b95   Thumb Code   458  stm32f1xx_hal_i2c.o(.text.I2C_WaitOnFlagUntilTimeout)
    [Anonymous Symbol]                       0x08003b94   Section        0  stm32f1xx_hal_i2c.o(.text.I2C_WaitOnFlagUntilTimeout)
    I2C_WaitOnMasterAddressFlagUntilTimeout  0x08003d61   Thumb Code   214  stm32f1xx_hal_i2c.o(.text.I2C_WaitOnMasterAddressFlagUntilTimeout)
    [Anonymous Symbol]                       0x08003d60   Section        0  stm32f1xx_hal_i2c.o(.text.I2C_WaitOnMasterAddressFlagUntilTimeout)
    I2C_WaitOnTXEFlagUntilTimeout            0x08003e39   Thumb Code   186  stm32f1xx_hal_i2c.o(.text.I2C_WaitOnTXEFlagUntilTimeout)
    [Anonymous Symbol]                       0x08003e38   Section        0  stm32f1xx_hal_i2c.o(.text.I2C_WaitOnTXEFlagUntilTimeout)
    [Anonymous Symbol]                       0x08003ef4   Section        0  motor.o(.text.MOTOR_init)
    [Anonymous Symbol]                       0x08003f24   Section        0  dma.o(.text.MX_DMA_Init)
    [Anonymous Symbol]                       0x08003f58   Section        0  gpio.o(.text.MX_GPIO_Init)
    [Anonymous Symbol]                       0x08004038   Section        0  i2c.o(.text.MX_I2C1_Init)
    [Anonymous Symbol]                       0x0800407c   Section        0  tim.o(.text.MX_TIM2_Init)
    [Anonymous Symbol]                       0x0800420c   Section        0  tim.o(.text.MX_TIM3_Init)
    [Anonymous Symbol]                       0x08004278   Section        0  tim.o(.text.MX_TIM4_Init)
    [Anonymous Symbol]                       0x08004334   Section        0  tim.o(.text.MX_TIM5_Init)
    [Anonymous Symbol]                       0x080043a0   Section        0  tim.o(.text.MX_TIM6_Init)
    [Anonymous Symbol]                       0x080043f8   Section        0  tim.o(.text.MX_TIM7_Init)
    [Anonymous Symbol]                       0x08004450   Section        0  usart.o(.text.MX_USART1_UART_Init)
    [Anonymous Symbol]                       0x0800448c   Section        0  stm32f1xx_it.o(.text.MemManage_Handler)
    [Anonymous Symbol]                       0x08004490   Section        0  stm32f1xx_it.o(.text.NMI_Handler)
    [Anonymous Symbol]                       0x08004494   Section        0  oled.o(.text.OLED_Clear)
    [Anonymous Symbol]                       0x08004540   Section        0  oled.o(.text.OLED_Display_On)
    [Anonymous Symbol]                       0x080045ac   Section        0  oled.o(.text.OLED_Init)
    [Anonymous Symbol]                       0x080047c8   Section        0  oled.o(.text.OLED_ShowChar)
    [Anonymous Symbol]                       0x08004e98   Section        0  oled.o(.text.OLED_ShowNum)
    [Anonymous Symbol]                       0x08004fb4   Section        0  oled.o(.text.OLED_ShowString)
    [Anonymous Symbol]                       0x08005060   Section        0  oled.o(.text.OLED_Showdecimal)
    [Anonymous Symbol]                       0x080052d0   Section        0  stm32f1xx_it.o(.text.PendSV_Handler)
    [Anonymous Symbol]                       0x080052d4   Section        0  range.o(.text.RANGE_AcquireData)
    [Anonymous Symbol]                       0x080052f8   Section        0  range.o(.text.RANGE_Alarm)
    [Anonymous Symbol]                       0x08005340   Section        0  stm32f1xx_it.o(.text.SVC_Handler)
    [Anonymous Symbol]                       0x08005344   Section        0  stm32f1xx_it.o(.text.SysTick_Handler)
    [Anonymous Symbol]                       0x08005348   Section        0  system_stm32f1xx.o(.text.SystemInit)
    [Anonymous Symbol]                       0x0800534c   Section        0  stm32f1xx_it.o(.text.TIM3_IRQHandler)
    [Anonymous Symbol]                       0x08005358   Section        0  stm32f1xx_it.o(.text.TIM4_IRQHandler)
    [Anonymous Symbol]                       0x08005364   Section        0  stm32f1xx_it.o(.text.TIM5_IRQHandler)
    [Anonymous Symbol]                       0x08005370   Section        0  stm32f1xx_it.o(.text.TIM6_IRQHandler)
    [Anonymous Symbol]                       0x0800537c   Section        0  stm32f1xx_it.o(.text.TIM7_IRQHandler)
    UART_DMAAbortOnError                     0x08005389   Thumb Code    12  stm32f1xx_hal_uart.o(.text.UART_DMAAbortOnError)
    [Anonymous Symbol]                       0x08005388   Section        0  stm32f1xx_hal_uart.o(.text.UART_DMAAbortOnError)
    UART_Receive_IT                          0x08005395   Thumb Code   254  stm32f1xx_hal_uart.o(.text.UART_Receive_IT)
    [Anonymous Symbol]                       0x08005394   Section        0  stm32f1xx_hal_uart.o(.text.UART_Receive_IT)
    [Anonymous Symbol]                       0x08005494   Section        0  stm32f1xx_it.o(.text.USART1_IRQHandler)
    [Anonymous Symbol]                       0x080054a0   Section        0  stm32f1xx_it.o(.text.UsageFault_Handler)
    [Anonymous Symbol]                       0x080054a4   Section        0  delay.o(.text.delay_us)
    [Anonymous Symbol]                       0x080054a8   Section        0  main.o(.text.fputc)
    [Anonymous Symbol]                       0x080054c8   Section        0  main.o(.text.main)
    i.__0printf                              0x080055f4   Section        0  printfa.o(i.__0printf)
    i.__scatterload_copy                     0x08005614   Section       14  handlers.o(i.__scatterload_copy)
    i.__scatterload_null                     0x08005622   Section        2  handlers.o(i.__scatterload_null)
    i.__scatterload_zeroinit                 0x08005624   Section       14  handlers.o(i.__scatterload_zeroinit)
    _fp_digits                               0x08005635   Thumb Code   366  printfa.o(i._fp_digits)
    i._fp_digits                             0x08005634   Section        0  printfa.o(i._fp_digits)
    _printf_core                             0x080057b9   Thumb Code  1744  printfa.o(i._printf_core)
    i._printf_core                           0x080057b8   Section        0  printfa.o(i._printf_core)
    _printf_post_padding                     0x08005e95   Thumb Code    36  printfa.o(i._printf_post_padding)
    i._printf_post_padding                   0x08005e94   Section        0  printfa.o(i._printf_post_padding)
    _printf_pre_padding                      0x08005eb9   Thumb Code    46  printfa.o(i._printf_pre_padding)
    i._printf_pre_padding                    0x08005eb8   Section        0  printfa.o(i._printf_pre_padding)
    HAL_RCC_GetSysClockFreq.aPredivFactorTable 0x08006706   Data           2  stm32f1xx_hal_rcc.o(.rodata.HAL_RCC_GetSysClockFreq.aPredivFactorTable)
    [Anonymous Symbol]                       0x08006706   Section        0  stm32f1xx_hal_rcc.o(.rodata.HAL_RCC_GetSysClockFreq.aPredivFactorTable)
    HAL_RCC_GetSysClockFreq.aPLLMULFactorTable 0x08006708   Data          16  stm32f1xx_hal_rcc.o(.rodata.cst16)
    [Anonymous Symbol]                       0x08006708   Section        0  stm32f1xx_hal_rcc.o(.rodata.cst16)
    .Lswitch.table.HAL_TIM_IC_Start_IT       0x08006718   Data          16  stm32f1xx_hal_tim.o(.rodata.cst16)
    .Lswitch.table.HAL_TIM_IC_Stop_IT        0x08006728   Data          16  stm32f1xx_hal_tim.o(.rodata.cst16)
    .data                                    0x20000000   Section        4  stdout.o(.data)
    .L_MergedGlobals                         0x20000004   Data           8  stm32f1xx_hal.o(.data..L_MergedGlobals)
    [Anonymous Symbol]                       0x20000004   Section        0  stm32f1xx_hal.o(.data..L_MergedGlobals)
    .L_MergedGlobals                         0x20000028   Data          20  range.o(.bss..L_MergedGlobals)
    [Anonymous Symbol]                       0x20000028   Section        0  range.o(.bss..L_MergedGlobals)
    STACK                                    0x200002e8   Section     1024  startup_stm32f103xe.o(STACK)

    Global Symbols

    Symbol Name                              Value     Ov Type        Size  Object(Section)

    BuildAttributes$$THM_ISAv4$P$D$K$B$S$PE$A:L22UL41UL21$X:L11$S22US41US21$IEEE1$IW$~IW$USESV6$~STKCKD$USESV7$~SHL$OTIME$ROPI$EBA8$MICROLIB$REQ8$PRES8$EABIv2 0x00000000   Number         0  anon$$obj.o ABSOLUTE
    _printf_a                                0x00000000   Number         0  printfstubs.o ABSOLUTE
    _printf_c                                0x00000000   Number         0  printfstubs.o ABSOLUTE
    _printf_charcount                        0x00000000   Number         0  printfstubs.o ABSOLUTE
    _printf_d                                0x00000000   Number         0  printfstubs.o ABSOLUTE
    _printf_e                                0x00000000   Number         0  printfstubs.o ABSOLUTE
    _printf_f                                0x00000000   Number         0  printfstubs.o ABSOLUTE
    _printf_flags                            0x00000000   Number         0  printfstubs.o ABSOLUTE
    _printf_fp_dec                           0x00000000   Number         0  printfstubs.o ABSOLUTE
    _printf_fp_hex                           0x00000000   Number         0  printfstubs.o ABSOLUTE
    _printf_g                                0x00000000   Number         0  printfstubs.o ABSOLUTE
    _printf_i                                0x00000000   Number         0  printfstubs.o ABSOLUTE
    _printf_int_dec                          0x00000000   Number         0  printfstubs.o ABSOLUTE
    _printf_l                                0x00000000   Number         0  printfstubs.o ABSOLUTE
    _printf_lc                               0x00000000   Number         0  printfstubs.o ABSOLUTE
    _printf_ll                               0x00000000   Number         0  printfstubs.o ABSOLUTE
    _printf_lld                              0x00000000   Number         0  printfstubs.o ABSOLUTE
    _printf_lli                              0x00000000   Number         0  printfstubs.o ABSOLUTE
    _printf_llo                              0x00000000   Number         0  printfstubs.o ABSOLUTE
    _printf_llu                              0x00000000   Number         0  printfstubs.o ABSOLUTE
    _printf_llx                              0x00000000   Number         0  printfstubs.o ABSOLUTE
    _printf_longlong_dec                     0x00000000   Number         0  printfstubs.o ABSOLUTE
    _printf_longlong_hex                     0x00000000   Number         0  printfstubs.o ABSOLUTE
    _printf_longlong_oct                     0x00000000   Number         0  printfstubs.o ABSOLUTE
    _printf_ls                               0x00000000   Number         0  printfstubs.o ABSOLUTE
    _printf_mbtowc                           0x00000000   Number         0  printfstubs.o ABSOLUTE
    _printf_n                                0x00000000   Number         0  printfstubs.o ABSOLUTE
    _printf_o                                0x00000000   Number         0  printfstubs.o ABSOLUTE
    _printf_p                                0x00000000   Number         0  printfstubs.o ABSOLUTE
    _printf_percent                          0x00000000   Number         0  printfstubs.o ABSOLUTE
    _printf_pre_padding                      0x00000000   Number         0  printfstubs.o ABSOLUTE
    _printf_return_value                     0x00000000   Number         0  printfstubs.o ABSOLUTE
    _printf_s                                0x00000000   Number         0  printfstubs.o ABSOLUTE
    _printf_sizespec                         0x00000000   Number         0  printfstubs.o ABSOLUTE
    _printf_str                              0x00000000   Number         0  printfstubs.o ABSOLUTE
    _printf_truncate_signed                  0x00000000   Number         0  printfstubs.o ABSOLUTE
    _printf_truncate_unsigned                0x00000000   Number         0  printfstubs.o ABSOLUTE
    _printf_u                                0x00000000   Number         0  printfstubs.o ABSOLUTE
    _printf_wc                               0x00000000   Number         0  printfstubs.o ABSOLUTE
    _printf_wctomb                           0x00000000   Number         0  printfstubs.o ABSOLUTE
    _printf_widthprec                        0x00000000   Number         0  printfstubs.o ABSOLUTE
    _printf_x                                0x00000000   Number         0  printfstubs.o ABSOLUTE
    __cpp_initialize__aeabi_                  - Undefined Weak Reference
    __cxa_finalize                            - Undefined Weak Reference
    __decompress                              - Undefined Weak Reference
    _clock_init                               - Undefined Weak Reference
    _microlib_exit                            - Undefined Weak Reference
    __Vectors_Size                           0x00000130   Number         0  startup_stm32f103xe.o ABSOLUTE
    __Vectors                                0x08000000   Data           4  startup_stm32f103xe.o(RESET)
    __Vectors_End                            0x08000130   Data           0  startup_stm32f103xe.o(RESET)
    __main                                   0x08000131   Thumb Code     0  entry.o(.ARM.Collect$$$$00000000)
    _main_stk                                0x08000131   Thumb Code     0  entry2.o(.ARM.Collect$$$$00000001)
    _main_scatterload                        0x08000135   Thumb Code     0  entry5.o(.ARM.Collect$$$$00000004)
    __main_after_scatterload                 0x08000139   Thumb Code     0  entry5.o(.ARM.Collect$$$$00000004)
    _main_clock                              0x08000139   Thumb Code     0  entry7b.o(.ARM.Collect$$$$00000008)
    _main_cpp_init                           0x08000139   Thumb Code     0  entry8b.o(.ARM.Collect$$$$0000000A)
    _main_init                               0x08000139   Thumb Code     0  entry9a.o(.ARM.Collect$$$$0000000B)
    __rt_final_cpp                           0x08000141   Thumb Code     0  entry10a.o(.ARM.Collect$$$$0000000D)
    __rt_final_exit                          0x08000141   Thumb Code     0  entry11a.o(.ARM.Collect$$$$0000000F)
    Reset_Handler                            0x08000145   Thumb Code     8  startup_stm32f103xe.o(.text)
    ADC1_2_IRQHandler                        0x0800015f   Thumb Code     0  startup_stm32f103xe.o(.text)
    ADC3_IRQHandler                          0x0800015f   Thumb Code     0  startup_stm32f103xe.o(.text)
    CAN1_RX1_IRQHandler                      0x0800015f   Thumb Code     0  startup_stm32f103xe.o(.text)
    CAN1_SCE_IRQHandler                      0x0800015f   Thumb Code     0  startup_stm32f103xe.o(.text)
    DMA1_Channel1_IRQHandler                 0x0800015f   Thumb Code     0  startup_stm32f103xe.o(.text)
    DMA1_Channel2_IRQHandler                 0x0800015f   Thumb Code     0  startup_stm32f103xe.o(.text)
    DMA1_Channel3_IRQHandler                 0x0800015f   Thumb Code     0  startup_stm32f103xe.o(.text)
    DMA1_Channel5_IRQHandler                 0x0800015f   Thumb Code     0  startup_stm32f103xe.o(.text)
    DMA1_Channel6_IRQHandler                 0x0800015f   Thumb Code     0  startup_stm32f103xe.o(.text)
    DMA1_Channel7_IRQHandler                 0x0800015f   Thumb Code     0  startup_stm32f103xe.o(.text)
    DMA2_Channel1_IRQHandler                 0x0800015f   Thumb Code     0  startup_stm32f103xe.o(.text)
    DMA2_Channel2_IRQHandler                 0x0800015f   Thumb Code     0  startup_stm32f103xe.o(.text)
    DMA2_Channel3_IRQHandler                 0x0800015f   Thumb Code     0  startup_stm32f103xe.o(.text)
    DMA2_Channel4_5_IRQHandler               0x0800015f   Thumb Code     0  startup_stm32f103xe.o(.text)
    EXTI0_IRQHandler                         0x0800015f   Thumb Code     0  startup_stm32f103xe.o(.text)
    EXTI15_10_IRQHandler                     0x0800015f   Thumb Code     0  startup_stm32f103xe.o(.text)
    EXTI1_IRQHandler                         0x0800015f   Thumb Code     0  startup_stm32f103xe.o(.text)
    EXTI2_IRQHandler                         0x0800015f   Thumb Code     0  startup_stm32f103xe.o(.text)
    EXTI3_IRQHandler                         0x0800015f   Thumb Code     0  startup_stm32f103xe.o(.text)
    EXTI4_IRQHandler                         0x0800015f   Thumb Code     0  startup_stm32f103xe.o(.text)
    EXTI9_5_IRQHandler                       0x0800015f   Thumb Code     0  startup_stm32f103xe.o(.text)
    FLASH_IRQHandler                         0x0800015f   Thumb Code     0  startup_stm32f103xe.o(.text)
    FSMC_IRQHandler                          0x0800015f   Thumb Code     0  startup_stm32f103xe.o(.text)
    I2C1_ER_IRQHandler                       0x0800015f   Thumb Code     0  startup_stm32f103xe.o(.text)
    I2C1_EV_IRQHandler                       0x0800015f   Thumb Code     0  startup_stm32f103xe.o(.text)
    I2C2_ER_IRQHandler                       0x0800015f   Thumb Code     0  startup_stm32f103xe.o(.text)
    I2C2_EV_IRQHandler                       0x0800015f   Thumb Code     0  startup_stm32f103xe.o(.text)
    PVD_IRQHandler                           0x0800015f   Thumb Code     0  startup_stm32f103xe.o(.text)
    RCC_IRQHandler                           0x0800015f   Thumb Code     0  startup_stm32f103xe.o(.text)
    RTC_Alarm_IRQHandler                     0x0800015f   Thumb Code     0  startup_stm32f103xe.o(.text)
    RTC_IRQHandler                           0x0800015f   Thumb Code     0  startup_stm32f103xe.o(.text)
    SDIO_IRQHandler                          0x0800015f   Thumb Code     0  startup_stm32f103xe.o(.text)
    SPI1_IRQHandler                          0x0800015f   Thumb Code     0  startup_stm32f103xe.o(.text)
    SPI2_IRQHandler                          0x0800015f   Thumb Code     0  startup_stm32f103xe.o(.text)
    SPI3_IRQHandler                          0x0800015f   Thumb Code     0  startup_stm32f103xe.o(.text)
    TAMPER_IRQHandler                        0x0800015f   Thumb Code     0  startup_stm32f103xe.o(.text)
    TIM1_BRK_IRQHandler                      0x0800015f   Thumb Code     0  startup_stm32f103xe.o(.text)
    TIM1_CC_IRQHandler                       0x0800015f   Thumb Code     0  startup_stm32f103xe.o(.text)
    TIM1_TRG_COM_IRQHandler                  0x0800015f   Thumb Code     0  startup_stm32f103xe.o(.text)
    TIM1_UP_IRQHandler                       0x0800015f   Thumb Code     0  startup_stm32f103xe.o(.text)
    TIM2_IRQHandler                          0x0800015f   Thumb Code     0  startup_stm32f103xe.o(.text)
    TIM8_BRK_IRQHandler                      0x0800015f   Thumb Code     0  startup_stm32f103xe.o(.text)
    TIM8_CC_IRQHandler                       0x0800015f   Thumb Code     0  startup_stm32f103xe.o(.text)
    TIM8_TRG_COM_IRQHandler                  0x0800015f   Thumb Code     0  startup_stm32f103xe.o(.text)
    TIM8_UP_IRQHandler                       0x0800015f   Thumb Code     0  startup_stm32f103xe.o(.text)
    UART4_IRQHandler                         0x0800015f   Thumb Code     0  startup_stm32f103xe.o(.text)
    UART5_IRQHandler                         0x0800015f   Thumb Code     0  startup_stm32f103xe.o(.text)
    USART2_IRQHandler                        0x0800015f   Thumb Code     0  startup_stm32f103xe.o(.text)
    USART3_IRQHandler                        0x0800015f   Thumb Code     0  startup_stm32f103xe.o(.text)
    USBWakeUp_IRQHandler                     0x0800015f   Thumb Code     0  startup_stm32f103xe.o(.text)
    USB_HP_CAN1_TX_IRQHandler                0x0800015f   Thumb Code     0  startup_stm32f103xe.o(.text)
    USB_LP_CAN1_RX0_IRQHandler               0x0800015f   Thumb Code     0  startup_stm32f103xe.o(.text)
    WWDG_IRQHandler                          0x0800015f   Thumb Code     0  startup_stm32f103xe.o(.text)
    __aeabi_fadd                             0x08000169   Thumb Code   164  fadd.o(.text)
    __aeabi_fsub                             0x0800020d   Thumb Code     6  fadd.o(.text)
    __aeabi_frsub                            0x08000213   Thumb Code     6  fadd.o(.text)
    __aeabi_fmul                             0x08000219   Thumb Code   100  fmul.o(.text)
    __aeabi_fdiv                             0x0800027d   Thumb Code   124  fdiv.o(.text)
    __aeabi_dmul                             0x080002f9   Thumb Code   228  dmul.o(.text)
    __aeabi_fcmplt                           0x080003dd   Thumb Code    28  fcmplt.o(.text)
    __aeabi_fcmpge                           0x080003f9   Thumb Code    28  fcmpge.o(.text)
    __aeabi_i2f                              0x08000415   Thumb Code    18  fflti.o(.text)
    __aeabi_ui2f                             0x08000427   Thumb Code    10  ffltui.o(.text)
    __aeabi_ui2d                             0x08000431   Thumb Code    26  dfltui.o(.text)
    __aeabi_f2iz                             0x0800044b   Thumb Code    50  ffixi.o(.text)
    __aeabi_f2d                              0x0800047d   Thumb Code    38  f2d.o(.text)
    __aeabi_d2f                              0x080004a3   Thumb Code    56  d2f.o(.text)
    __aeabi_uidiv                            0x080004db   Thumb Code     0  uidiv.o(.text)
    __aeabi_uidivmod                         0x080004db   Thumb Code    44  uidiv.o(.text)
    __aeabi_uldivmod                         0x08000507   Thumb Code    98  uldiv.o(.text)
    __I$use$fp                               0x08000569   Thumb Code     0  iusefp.o(.text)
    _float_round                             0x08000569   Thumb Code    18  fepilogue.o(.text)
    _float_epilogue                          0x0800057b   Thumb Code    92  fepilogue.o(.text)
    _double_round                            0x080005d7   Thumb Code    30  depilogue.o(.text)
    _double_epilogue                         0x080005f5   Thumb Code   156  depilogue.o(.text)
    __aeabi_dadd                             0x08000691   Thumb Code   322  dadd.o(.text)
    __aeabi_dsub                             0x080007d3   Thumb Code     6  dadd.o(.text)
    __aeabi_drsub                            0x080007d9   Thumb Code     6  dadd.o(.text)
    __aeabi_ddiv                             0x080007df   Thumb Code   222  ddiv.o(.text)
    __aeabi_d2ulz                            0x080008bd   Thumb Code    48  dfixul.o(.text)
    __aeabi_cdrcmple                         0x080008ed   Thumb Code    48  cdrcmple.o(.text)
    __scatterload                            0x0800091d   Thumb Code    38  init.o(.text)
    __scatterload_rt2                        0x0800091d   Thumb Code     0  init.o(.text)
    __aeabi_llsl                             0x0800094d   Thumb Code    30  llshl.o(.text)
    _ll_shift_l                              0x0800094d   Thumb Code     0  llshl.o(.text)
    __aeabi_llsr                             0x0800096b   Thumb Code    32  llushr.o(.text)
    _ll_ushift_r                             0x0800096b   Thumb Code     0  llushr.o(.text)
    __aeabi_lasr                             0x0800098b   Thumb Code    36  llsshr.o(.text)
    _ll_sshift_r                             0x0800098b   Thumb Code     0  llsshr.o(.text)
    BusFault_Handler                         0x080009b1   Thumb Code     2  stm32f1xx_it.o(.text.BusFault_Handler)
    DMA1_Channel4_IRQHandler                 0x080009b5   Thumb Code    12  stm32f1xx_it.o(.text.DMA1_Channel4_IRQHandler)
    DebugMon_Handler                         0x080009c1   Thumb Code     2  stm32f1xx_it.o(.text.DebugMon_Handler)
    ENCODER_init                             0x080009c5   Thumb Code    62  encoder.o(.text.ENCODER_init)
    Error_Handler                            0x08000a05   Thumb Code    10  main.o(.text.Error_Handler)
    HAL_DMA_Abort                            0x08000a11   Thumb Code    70  stm32f1xx_hal_dma.o(.text.HAL_DMA_Abort)
    HAL_DMA_Abort_IT                         0x08000a59   Thumb Code   304  stm32f1xx_hal_dma.o(.text.HAL_DMA_Abort_IT)
    HAL_DMA_IRQHandler                       0x08000b89   Thumb Code   654  stm32f1xx_hal_dma.o(.text.HAL_DMA_IRQHandler)
    HAL_DMA_Init                             0x08000e19   Thumb Code   158  stm32f1xx_hal_dma.o(.text.HAL_DMA_Init)
    HAL_Delay                                0x08000eb9   Thumb Code    40  stm32f1xx_hal.o(.text.HAL_Delay)
    HAL_GPIO_Init                            0x08000ee1   Thumb Code   498  stm32f1xx_hal_gpio.o(.text.HAL_GPIO_Init)
    HAL_GPIO_WritePin                        0x080010d5   Thumb Code    10  stm32f1xx_hal_gpio.o(.text.HAL_GPIO_WritePin)
    HAL_GetTick                              0x080010e1   Thumb Code    12  stm32f1xx_hal.o(.text.HAL_GetTick)
    HAL_I2C_Init                             0x080010ed   Thumb Code   356  stm32f1xx_hal_i2c.o(.text.HAL_I2C_Init)
    HAL_I2C_Mem_Write                        0x08001251   Thumb Code   348  stm32f1xx_hal_i2c.o(.text.HAL_I2C_Mem_Write)
    HAL_I2C_MspInit                          0x080013ad   Thumb Code   122  i2c.o(.text.HAL_I2C_MspInit)
    HAL_IncTick                              0x08001429   Thumb Code    26  stm32f1xx_hal.o(.text.HAL_IncTick)
    HAL_Init                                 0x08001445   Thumb Code    38  stm32f1xx_hal.o(.text.HAL_Init)
    HAL_InitTick                             0x0800146d   Thumb Code    72  stm32f1xx_hal.o(.text.HAL_InitTick)
    HAL_MspInit                              0x080014b5   Thumb Code    66  stm32f1xx_hal_msp.o(.text.HAL_MspInit)
    HAL_NVIC_EnableIRQ                       0x080014f9   Thumb Code    34  stm32f1xx_hal_cortex.o(.text.HAL_NVIC_EnableIRQ)
    HAL_NVIC_SetPriority                     0x0800151d   Thumb Code    86  stm32f1xx_hal_cortex.o(.text.HAL_NVIC_SetPriority)
    HAL_NVIC_SetPriorityGrouping             0x08001575   Thumb Code    32  stm32f1xx_hal_cortex.o(.text.HAL_NVIC_SetPriorityGrouping)
    HAL_RCC_ClockConfig                      0x08001595   Thumb Code   450  stm32f1xx_hal_rcc.o(.text.HAL_RCC_ClockConfig)
    HAL_RCC_GetHCLKFreq                      0x08001759   Thumb Code    12  stm32f1xx_hal_rcc.o(.text.HAL_RCC_GetHCLKFreq)
    HAL_RCC_GetPCLK1Freq                     0x08001765   Thumb Code    38  stm32f1xx_hal_rcc.o(.text.HAL_RCC_GetPCLK1Freq)
    HAL_RCC_GetPCLK2Freq                     0x0800178d   Thumb Code    38  stm32f1xx_hal_rcc.o(.text.HAL_RCC_GetPCLK2Freq)
    HAL_RCC_OscConfig                        0x080017b5   Thumb Code  1024  stm32f1xx_hal_rcc.o(.text.HAL_RCC_OscConfig)
    HAL_SYSTICK_Config                       0x08001bb5   Thumb Code    44  stm32f1xx_hal_cortex.o(.text.HAL_SYSTICK_Config)
    HAL_TIMEx_BreakCallback                  0x08001be1   Thumb Code     2  stm32f1xx_hal_tim_ex.o(.text.HAL_TIMEx_BreakCallback)
    HAL_TIMEx_CommutCallback                 0x08001be5   Thumb Code     2  stm32f1xx_hal_tim_ex.o(.text.HAL_TIMEx_CommutCallback)
    HAL_TIMEx_MasterConfigSynchronization    0x08001be9   Thumb Code   150  stm32f1xx_hal_tim_ex.o(.text.HAL_TIMEx_MasterConfigSynchronization)
    HAL_TIM_Base_Init                        0x08001c81   Thumb Code   294  stm32f1xx_hal_tim.o(.text.HAL_TIM_Base_Init)
    HAL_TIM_Base_MspInit                     0x08001da9   Thumb Code   260  tim.o(.text.HAL_TIM_Base_MspInit)
    HAL_TIM_Base_Start_IT                    0x08001ead   Thumb Code   134  stm32f1xx_hal_tim.o(.text.HAL_TIM_Base_Start_IT)
    HAL_TIM_Base_Stop_IT                     0x08001f35   Thumb Code    60  stm32f1xx_hal_tim.o(.text.HAL_TIM_Base_Stop_IT)
    HAL_TIM_ConfigClockSource                0x08001f71   Thumb Code   416  stm32f1xx_hal_tim.o(.text.HAL_TIM_ConfigClockSource)
    HAL_TIM_Encoder_Init                     0x08002111   Thumb Code   386  stm32f1xx_hal_tim.o(.text.HAL_TIM_Encoder_Init)
    HAL_TIM_Encoder_MspInit                  0x08002295   Thumb Code   184  tim.o(.text.HAL_TIM_Encoder_MspInit)
    HAL_TIM_Encoder_Start                    0x0800234d   Thumb Code   188  stm32f1xx_hal_tim.o(.text.HAL_TIM_Encoder_Start)
    HAL_TIM_IC_CaptureCallback               0x08002409   Thumb Code   142  range.o(.text.HAL_TIM_IC_CaptureCallback)
    HAL_TIM_IC_ConfigChannel                 0x08002499   Thumb Code   414  stm32f1xx_hal_tim.o(.text.HAL_TIM_IC_ConfigChannel)
    HAL_TIM_IC_Init                          0x08002639   Thumb Code   294  stm32f1xx_hal_tim.o(.text.HAL_TIM_IC_Init)
    HAL_TIM_IC_MspInit                       0x08002761   Thumb Code     2  stm32f1xx_hal_tim.o(.text.HAL_TIM_IC_MspInit)
    HAL_TIM_IC_Start_IT                      0x08002765   Thumb Code   324  stm32f1xx_hal_tim.o(.text.HAL_TIM_IC_Start_IT)
    HAL_TIM_IC_Stop_IT                       0x080028a9   Thumb Code   150  stm32f1xx_hal_tim.o(.text.HAL_TIM_IC_Stop_IT)
    HAL_TIM_IRQHandler                       0x08002941   Thumb Code   368  stm32f1xx_hal_tim.o(.text.HAL_TIM_IRQHandler)
    HAL_TIM_OC_DelayElapsedCallback          0x08002ab1   Thumb Code     2  stm32f1xx_hal_tim.o(.text.HAL_TIM_OC_DelayElapsedCallback)
    HAL_TIM_PWM_ConfigChannel                0x08002ab5   Thumb Code   620  stm32f1xx_hal_tim.o(.text.HAL_TIM_PWM_ConfigChannel)
    HAL_TIM_PWM_Init                         0x08002d21   Thumb Code   294  stm32f1xx_hal_tim.o(.text.HAL_TIM_PWM_Init)
    HAL_TIM_PWM_MspInit                      0x08002e49   Thumb Code     2  stm32f1xx_hal_tim.o(.text.HAL_TIM_PWM_MspInit)
    HAL_TIM_PWM_PulseFinishedCallback        0x08002e4d   Thumb Code     2  stm32f1xx_hal_tim.o(.text.HAL_TIM_PWM_PulseFinishedCallback)
    HAL_TIM_PWM_Start                        0x08002e51   Thumb Code   222  stm32f1xx_hal_tim.o(.text.HAL_TIM_PWM_Start)
    HAL_TIM_PeriodElapsedCallback            0x08002f31   Thumb Code   256  main.o(.text.HAL_TIM_PeriodElapsedCallback)
    HAL_TIM_ReadCapturedValue                0x08003031   Thumb Code    52  stm32f1xx_hal_tim.o(.text.HAL_TIM_ReadCapturedValue)
    HAL_TIM_TriggerCallback                  0x08003065   Thumb Code     2  stm32f1xx_hal_tim.o(.text.HAL_TIM_TriggerCallback)
    HAL_UARTEx_RxEventCallback               0x08003069   Thumb Code     2  stm32f1xx_hal_uart.o(.text.HAL_UARTEx_RxEventCallback)
    HAL_UART_ErrorCallback                   0x0800306d   Thumb Code     2  stm32f1xx_hal_uart.o(.text.HAL_UART_ErrorCallback)
    HAL_UART_IRQHandler                      0x08003071   Thumb Code  1392  stm32f1xx_hal_uart.o(.text.HAL_UART_IRQHandler)
    HAL_UART_Init                            0x080035e1   Thumb Code   226  stm32f1xx_hal_uart.o(.text.HAL_UART_Init)
    HAL_UART_MspInit                         0x080036c5   Thumb Code   198  usart.o(.text.HAL_UART_MspInit)
    HAL_UART_RxCpltCallback                  0x0800378d   Thumb Code     2  stm32f1xx_hal_uart.o(.text.HAL_UART_RxCpltCallback)
    HAL_UART_Transmit                        0x08003791   Thumb Code   632  stm32f1xx_hal_uart.o(.text.HAL_UART_Transmit)
    HAL_UART_TxCpltCallback                  0x08003a09   Thumb Code     2  stm32f1xx_hal_uart.o(.text.HAL_UART_TxCpltCallback)
    HardFault_Handler                        0x08003a0d   Thumb Code     2  stm32f1xx_it.o(.text.HardFault_Handler)
    MOTOR_init                               0x08003ef5   Thumb Code    46  motor.o(.text.MOTOR_init)
    MX_DMA_Init                              0x08003f25   Thumb Code    52  dma.o(.text.MX_DMA_Init)
    MX_GPIO_Init                             0x08003f59   Thumb Code   222  gpio.o(.text.MX_GPIO_Init)
    MX_I2C1_Init                             0x08004039   Thumb Code    66  i2c.o(.text.MX_I2C1_Init)
    MX_TIM2_Init                             0x0800407d   Thumb Code   400  tim.o(.text.MX_TIM2_Init)
    MX_TIM3_Init                             0x0800420d   Thumb Code   108  tim.o(.text.MX_TIM3_Init)
    MX_TIM4_Init                             0x08004279   Thumb Code   186  tim.o(.text.MX_TIM4_Init)
    MX_TIM5_Init                             0x08004335   Thumb Code   108  tim.o(.text.MX_TIM5_Init)
    MX_TIM6_Init                             0x080043a1   Thumb Code    86  tim.o(.text.MX_TIM6_Init)
    MX_TIM7_Init                             0x080043f9   Thumb Code    86  tim.o(.text.MX_TIM7_Init)
    MX_USART1_UART_Init                      0x08004451   Thumb Code    60  usart.o(.text.MX_USART1_UART_Init)
    MemManage_Handler                        0x0800448d   Thumb Code     2  stm32f1xx_it.o(.text.MemManage_Handler)
    NMI_Handler                              0x08004491   Thumb Code     2  stm32f1xx_it.o(.text.NMI_Handler)
    OLED_Clear                               0x08004495   Thumb Code   172  oled.o(.text.OLED_Clear)
    OLED_Display_On                          0x08004541   Thumb Code   106  oled.o(.text.OLED_Display_On)
    OLED_Init                                0x080045ad   Thumb Code   538  oled.o(.text.OLED_Init)
    OLED_ShowChar                            0x080047c9   Thumb Code  1742  oled.o(.text.OLED_ShowChar)
    OLED_ShowNum                             0x08004e99   Thumb Code   284  oled.o(.text.OLED_ShowNum)
    OLED_ShowString                          0x08004fb5   Thumb Code   172  oled.o(.text.OLED_ShowString)
    OLED_Showdecimal                         0x08005061   Thumb Code   624  oled.o(.text.OLED_Showdecimal)
    PendSV_Handler                           0x080052d1   Thumb Code     2  stm32f1xx_it.o(.text.PendSV_Handler)
    RANGE_AcquireData                        0x080052d5   Thumb Code    34  range.o(.text.RANGE_AcquireData)
    RANGE_Alarm                              0x080052f9   Thumb Code    48  range.o(.text.RANGE_Alarm)
    SVC_Handler                              0x08005341   Thumb Code     2  stm32f1xx_it.o(.text.SVC_Handler)
    SysTick_Handler                          0x08005345   Thumb Code     4  stm32f1xx_it.o(.text.SysTick_Handler)
    SystemInit                               0x08005349   Thumb Code     2  system_stm32f1xx.o(.text.SystemInit)
    TIM3_IRQHandler                          0x0800534d   Thumb Code    12  stm32f1xx_it.o(.text.TIM3_IRQHandler)
    TIM4_IRQHandler                          0x08005359   Thumb Code    12  stm32f1xx_it.o(.text.TIM4_IRQHandler)
    TIM5_IRQHandler                          0x08005365   Thumb Code    12  stm32f1xx_it.o(.text.TIM5_IRQHandler)
    TIM6_IRQHandler                          0x08005371   Thumb Code    12  stm32f1xx_it.o(.text.TIM6_IRQHandler)
    TIM7_IRQHandler                          0x0800537d   Thumb Code    12  stm32f1xx_it.o(.text.TIM7_IRQHandler)
    USART1_IRQHandler                        0x08005495   Thumb Code    12  stm32f1xx_it.o(.text.USART1_IRQHandler)
    UsageFault_Handler                       0x080054a1   Thumb Code     2  stm32f1xx_it.o(.text.UsageFault_Handler)
    delay_us                                 0x080054a5   Thumb Code     4  delay.o(.text.delay_us)
    fputc                                    0x080054a9   Thumb Code    32  main.o(.text.fputc)
    main                                     0x080054c9   Thumb Code   296  main.o(.text.main)
    __0printf                                0x080055f5   Thumb Code    22  printfa.o(i.__0printf)
    __1printf                                0x080055f5   Thumb Code     0  printfa.o(i.__0printf)
    __2printf                                0x080055f5   Thumb Code     0  printfa.o(i.__0printf)
    __c89printf                              0x080055f5   Thumb Code     0  printfa.o(i.__0printf)
    printf                                   0x080055f5   Thumb Code     0  printfa.o(i.__0printf)
    __scatterload_copy                       0x08005615   Thumb Code    14  handlers.o(i.__scatterload_copy)
    __scatterload_null                       0x08005623   Thumb Code     2  handlers.o(i.__scatterload_null)
    __scatterload_zeroinit                   0x08005625   Thumb Code    14  handlers.o(i.__scatterload_zeroinit)
    AHBPrescTable                            0x08005ee6   Data          16  system_stm32f1xx.o(.rodata.AHBPrescTable)
    APBPrescTable                            0x08005ef6   Data           8  system_stm32f1xx.o(.rodata.APBPrescTable)
    F6x8                                     0x08005efe   Data         552  oledfont.o(.rodata.F6x8)
    F8X16                                    0x08006126   Data        1504  oledfont.o(.rodata.F8X16)
    Region$$Table$$Base                      0x08006738   Number         0  anon$$obj.o(Region$$Table)
    Region$$Table$$Limit                     0x08006758   Number         0  anon$$obj.o(Region$$Table)
    __stdout                                 0x20000000   Data           4  stdout.o(.data)
    uwTickFreq                               0x20000004   Data           1  stm32f1xx_hal.o(.data..L_MergedGlobals)
    uwTickPrio                               0x20000008   Data           4  stm32f1xx_hal.o(.data..L_MergedGlobals)
    CMD_Data                                 0x2000000c   Data          23  oled.o(.data.CMD_Data)
    SystemCoreClock                          0x20000024   Data           4  system_stm32f1xx.o(.data.SystemCoreClock)
    c_values                                 0x20000028   Data           1  range.o(.bss..L_MergedGlobals)
    d_values                                 0x20000029   Data           1  range.o(.bss..L_MergedGlobals)
    t                                        0x2000002c   Data           4  range.o(.bss..L_MergedGlobals)
    distances                                0x20000030   Data           4  range.o(.bss..L_MergedGlobals)
    high_time                                0x20000034   Data           8  range.o(.bss..L_MergedGlobals)
    I2C_HANDLE                               0x2000003c   Data           4  oled.o(.bss.I2C_HANDLE)
    hdma_usart1_tx                           0x20000040   Data          68  usart.o(.bss.hdma_usart1_tx)
    hi2c1                                    0x20000084   Data          84  i2c.o(.bss.hi2c1)
    htim2                                    0x200000d8   Data          72  tim.o(.bss.htim2)
    htim3                                    0x20000120   Data          72  tim.o(.bss.htim3)
    htim4                                    0x20000168   Data          72  tim.o(.bss.htim4)
    htim5                                    0x200001b0   Data          72  tim.o(.bss.htim5)
    htim6                                    0x200001f8   Data          72  tim.o(.bss.htim6)
    htim7                                    0x20000240   Data          72  tim.o(.bss.htim7)
    huart1                                   0x20000288   Data          72  usart.o(.bss.huart1)
    measure                                  0x200002d0   Data          12  encoder.o(.bss.measure)
    test                                     0x200002dc   Data           1  range.o(.bss.test)
    uwTick                                   0x200002e0   Data           4  stm32f1xx_hal.o(.bss.uwTick)
    __initial_sp                             0x200006e8   Data           0  startup_stm32f103xe.o(STACK)



==============================================================================

Memory Map of the image

  Image Entry point : 0x08000131

  Load Region LR_IROM1 (Base: 0x08000000, Size: 0x00006780, Max: 0x00040000, ABSOLUTE)

    Execution Region ER_IROM1 (Exec base: 0x08000000, Load base: 0x08000000, Size: 0x00006758, Max: 0x00040000, ABSOLUTE)

    Exec Addr    Load Addr    Size         Type   Attr      Idx    E Section Name        Object

    0x08000000   0x08000000   0x00000130   Data   RO            3    RESET               startup_stm32f103xe.o
    0x08000130   0x08000130   0x00000000   Code   RO         1242  * .ARM.Collect$$$$00000000  mc_w.l(entry.o)
    0x08000130   0x08000130   0x00000004   Code   RO         1532    .ARM.Collect$$$$00000001  mc_w.l(entry2.o)
    0x08000134   0x08000134   0x00000004   Code   RO         1535    .ARM.Collect$$$$00000004  mc_w.l(entry5.o)
    0x08000138   0x08000138   0x00000000   Code   RO         1537    .ARM.Collect$$$$00000008  mc_w.l(entry7b.o)
    0x08000138   0x08000138   0x00000000   Code   RO         1539    .ARM.Collect$$$$0000000A  mc_w.l(entry8b.o)
    0x08000138   0x08000138   0x00000008   Code   RO         1540    .ARM.Collect$$$$0000000B  mc_w.l(entry9a.o)
    0x08000140   0x08000140   0x00000000   Code   RO         1542    .ARM.Collect$$$$0000000D  mc_w.l(entry10a.o)
    0x08000140   0x08000140   0x00000000   Code   RO         1544    .ARM.Collect$$$$0000000F  mc_w.l(entry11a.o)
    0x08000140   0x08000140   0x00000004   Code   RO         1533    .ARM.Collect$$$$00002712  mc_w.l(entry2.o)
    0x08000144   0x08000144   0x00000024   Code   RO            4    .text               startup_stm32f103xe.o
    0x08000168   0x08000168   0x000000b0   Code   RO         1506    .text               mf_w.l(fadd.o)
    0x08000218   0x08000218   0x00000064   Code   RO         1508    .text               mf_w.l(fmul.o)
    0x0800027c   0x0800027c   0x0000007c   Code   RO         1510    .text               mf_w.l(fdiv.o)
    0x080002f8   0x080002f8   0x000000e4   Code   RO         1512    .text               mf_w.l(dmul.o)
    0x080003dc   0x080003dc   0x0000001c   Code   RO         1514    .text               mf_w.l(fcmplt.o)
    0x080003f8   0x080003f8   0x0000001c   Code   RO         1516    .text               mf_w.l(fcmpge.o)
    0x08000414   0x08000414   0x00000012   Code   RO         1520    .text               mf_w.l(fflti.o)
    0x08000426   0x08000426   0x0000000a   Code   RO         1522    .text               mf_w.l(ffltui.o)
    0x08000430   0x08000430   0x0000001a   Code   RO         1524    .text               mf_w.l(dfltui.o)
    0x0800044a   0x0800044a   0x00000032   Code   RO         1526    .text               mf_w.l(ffixi.o)
    0x0800047c   0x0800047c   0x00000026   Code   RO         1528    .text               mf_w.l(f2d.o)
    0x080004a2   0x080004a2   0x00000038   Code   RO         1530    .text               mf_w.l(d2f.o)
    0x080004da   0x080004da   0x0000002c   Code   RO         1556    .text               mc_w.l(uidiv.o)
    0x08000506   0x08000506   0x00000062   Code   RO         1558    .text               mc_w.l(uldiv.o)
    0x08000568   0x08000568   0x00000000   Code   RO         1560    .text               mc_w.l(iusefp.o)
    0x08000568   0x08000568   0x0000006e   Code   RO         1561    .text               mf_w.l(fepilogue.o)
    0x080005d6   0x080005d6   0x000000ba   Code   RO         1563    .text               mf_w.l(depilogue.o)
    0x08000690   0x08000690   0x0000014e   Code   RO         1565    .text               mf_w.l(dadd.o)
    0x080007de   0x080007de   0x000000de   Code   RO         1567    .text               mf_w.l(ddiv.o)
    0x080008bc   0x080008bc   0x00000030   Code   RO         1569    .text               mf_w.l(dfixul.o)
    0x080008ec   0x080008ec   0x00000030   Code   RO         1571    .text               mf_w.l(cdrcmple.o)
    0x0800091c   0x0800091c   0x00000030   Code   RO         1573    .text               mc_w.l(init.o)
    0x0800094c   0x0800094c   0x0000001e   Code   RO         1575    .text               mc_w.l(llshl.o)
    0x0800096a   0x0800096a   0x00000020   Code   RO         1577    .text               mc_w.l(llushr.o)
    0x0800098a   0x0800098a   0x00000024   Code   RO         1579    .text               mc_w.l(llsshr.o)
    0x080009ae   0x080009ae   0x00000002   PAD
    0x080009b0   0x080009b0   0x00000002   Code   RO          124    .text.BusFault_Handler  stm32f1xx_it.o
    0x080009b2   0x080009b2   0x00000002   PAD
    0x080009b4   0x080009b4   0x0000000c   Code   RO          136    .text.DMA1_Channel4_IRQHandler  stm32f1xx_it.o
    0x080009c0   0x080009c0   0x00000002   Code   RO          130    .text.DebugMon_Handler  stm32f1xx_it.o
    0x080009c2   0x080009c2   0x00000002   PAD
    0x080009c4   0x080009c4   0x0000003e   Code   RO         1224    .text.ENCODER_init  encoder.o
    0x08000a02   0x08000a02   0x00000002   PAD
    0x08000a04   0x08000a04   0x0000000a   Code   RO           15    .text.Error_Handler  main.o
    0x08000a0e   0x08000a0e   0x00000002   PAD
    0x08000a10   0x08000a10   0x00000046   Code   RO          462    .text.HAL_DMA_Abort  stm32f1xx_hal_dma.o
    0x08000a56   0x08000a56   0x00000002   PAD
    0x08000a58   0x08000a58   0x00000130   Code   RO          464    .text.HAL_DMA_Abort_IT  stm32f1xx_hal_dma.o
    0x08000b88   0x08000b88   0x0000028e   Code   RO          468    .text.HAL_DMA_IRQHandler  stm32f1xx_hal_dma.o
    0x08000e16   0x08000e16   0x00000002   PAD
    0x08000e18   0x08000e18   0x0000009e   Code   RO          454    .text.HAL_DMA_Init  stm32f1xx_hal_dma.o
    0x08000eb6   0x08000eb6   0x00000002   PAD
    0x08000eb8   0x08000eb8   0x00000028   Code   RO          338    .text.HAL_Delay     stm32f1xx_hal.o
    0x08000ee0   0x08000ee0   0x000001f2   Code   RO          430    .text.HAL_GPIO_Init  stm32f1xx_hal_gpio.o
    0x080010d2   0x080010d2   0x00000002   PAD
    0x080010d4   0x080010d4   0x0000000a   Code   RO          436    .text.HAL_GPIO_WritePin  stm32f1xx_hal_gpio.o
    0x080010de   0x080010de   0x00000002   PAD
    0x080010e0   0x080010e0   0x0000000c   Code   RO          330    .text.HAL_GetTick   stm32f1xx_hal.o
    0x080010ec   0x080010ec   0x00000164   Code   RO          180    .text.HAL_I2C_Init  stm32f1xx_hal_i2c.o
    0x08001250   0x08001250   0x0000015c   Code   RO          224    .text.HAL_I2C_Mem_Write  stm32f1xx_hal_i2c.o
    0x080013ac   0x080013ac   0x0000007a   Code   RO           53    .text.HAL_I2C_MspInit  i2c.o
    0x08001426   0x08001426   0x00000002   PAD
    0x08001428   0x08001428   0x0000001a   Code   RO          328    .text.HAL_IncTick   stm32f1xx_hal.o
    0x08001442   0x08001442   0x00000002   PAD
    0x08001444   0x08001444   0x00000026   Code   RO          318    .text.HAL_Init      stm32f1xx_hal.o
    0x0800146a   0x0800146a   0x00000002   PAD
    0x0800146c   0x0800146c   0x00000048   Code   RO          320    .text.HAL_InitTick  stm32f1xx_hal.o
    0x080014b4   0x080014b4   0x00000042   Code   RO          157    .text.HAL_MspInit   stm32f1xx_hal_msp.o
    0x080014f6   0x080014f6   0x00000002   PAD
    0x080014f8   0x080014f8   0x00000022   Code   RO          490    .text.HAL_NVIC_EnableIRQ  stm32f1xx_hal_cortex.o
    0x0800151a   0x0800151a   0x00000002   PAD
    0x0800151c   0x0800151c   0x00000056   Code   RO          488    .text.HAL_NVIC_SetPriority  stm32f1xx_hal_cortex.o
    0x08001572   0x08001572   0x00000002   PAD
    0x08001574   0x08001574   0x00000020   Code   RO          486    .text.HAL_NVIC_SetPriorityGrouping  stm32f1xx_hal_cortex.o
    0x08001594   0x08001594   0x000001c2   Code   RO          382    .text.HAL_RCC_ClockConfig  stm32f1xx_hal_rcc.o
    0x08001756   0x08001756   0x00000002   PAD
    0x08001758   0x08001758   0x0000000c   Code   RO          392    .text.HAL_RCC_GetHCLKFreq  stm32f1xx_hal_rcc.o
    0x08001764   0x08001764   0x00000026   Code   RO          394    .text.HAL_RCC_GetPCLK1Freq  stm32f1xx_hal_rcc.o
    0x0800178a   0x0800178a   0x00000002   PAD
    0x0800178c   0x0800178c   0x00000026   Code   RO          396    .text.HAL_RCC_GetPCLK2Freq  stm32f1xx_hal_rcc.o
    0x080017b2   0x080017b2   0x00000002   PAD
    0x080017b4   0x080017b4   0x00000400   Code   RO          380    .text.HAL_RCC_OscConfig  stm32f1xx_hal_rcc.o
    0x08001bb4   0x08001bb4   0x0000002c   Code   RO          498    .text.HAL_SYSTICK_Config  stm32f1xx_hal_cortex.o
    0x08001be0   0x08001be0   0x00000002   Code   RO          956    .text.HAL_TIMEx_BreakCallback  stm32f1xx_hal_tim_ex.o
    0x08001be2   0x08001be2   0x00000002   PAD
    0x08001be4   0x08001be4   0x00000002   Code   RO          952    .text.HAL_TIMEx_CommutCallback  stm32f1xx_hal_tim_ex.o
    0x08001be6   0x08001be6   0x00000002   PAD
    0x08001be8   0x08001be8   0x00000096   Code   RO          946    .text.HAL_TIMEx_MasterConfigSynchronization  stm32f1xx_hal_tim_ex.o
    0x08001c7e   0x08001c7e   0x00000002   PAD
    0x08001c80   0x08001c80   0x00000126   Code   RO          651    .text.HAL_TIM_Base_Init  stm32f1xx_hal_tim.o
    0x08001da6   0x08001da6   0x00000002   PAD
    0x08001da8   0x08001da8   0x00000104   Code   RO           80    .text.HAL_TIM_Base_MspInit  tim.o
    0x08001eac   0x08001eac   0x00000086   Code   RO          665    .text.HAL_TIM_Base_Start_IT  stm32f1xx_hal_tim.o
    0x08001f32   0x08001f32   0x00000002   PAD
    0x08001f34   0x08001f34   0x0000003c   Code   RO          667    .text.HAL_TIM_Base_Stop_IT  stm32f1xx_hal_tim.o
    0x08001f70   0x08001f70   0x000001a0   Code   RO          831    .text.HAL_TIM_ConfigClockSource  stm32f1xx_hal_tim.o
    0x08002110   0x08002110   0x00000182   Code   RO          765    .text.HAL_TIM_Encoder_Init  stm32f1xx_hal_tim.o
    0x08002292   0x08002292   0x00000002   PAD
    0x08002294   0x08002294   0x000000b8   Code   RO           82    .text.HAL_TIM_Encoder_MspInit  tim.o
    0x0800234c   0x0800234c   0x000000bc   Code   RO          773    .text.HAL_TIM_Encoder_Start  stm32f1xx_hal_tim.o
    0x08002408   0x08002408   0x0000008e   Code   RO         1168    .text.HAL_TIM_IC_CaptureCallback  range.o
    0x08002496   0x08002496   0x00000002   PAD
    0x08002498   0x08002498   0x0000019e   Code   RO          801    .text.HAL_TIM_IC_ConfigChannel  stm32f1xx_hal_tim.o
    0x08002636   0x08002636   0x00000002   PAD
    0x08002638   0x08002638   0x00000126   Code   RO          725    .text.HAL_TIM_IC_Init  stm32f1xx_hal_tim.o
    0x0800275e   0x0800275e   0x00000002   PAD
    0x08002760   0x08002760   0x00000002   Code   RO          727    .text.HAL_TIM_IC_MspInit  stm32f1xx_hal_tim.o
    0x08002762   0x08002762   0x00000002   PAD
    0x08002764   0x08002764   0x00000144   Code   RO          737    .text.HAL_TIM_IC_Start_IT  stm32f1xx_hal_tim.o
    0x080028a8   0x080028a8   0x00000096   Code   RO          739    .text.HAL_TIM_IC_Stop_IT  stm32f1xx_hal_tim.o
    0x0800293e   0x0800293e   0x00000002   PAD
    0x08002940   0x08002940   0x00000170   Code   RO          785    .text.HAL_TIM_IRQHandler  stm32f1xx_hal_tim.o
    0x08002ab0   0x08002ab0   0x00000002   Code   RO          789    .text.HAL_TIM_OC_DelayElapsedCallback  stm32f1xx_hal_tim.o
    0x08002ab2   0x08002ab2   0x00000002   PAD
    0x08002ab4   0x08002ab4   0x0000026c   Code   RO          805    .text.HAL_TIM_PWM_ConfigChannel  stm32f1xx_hal_tim.o
    0x08002d20   0x08002d20   0x00000126   Code   RO          705    .text.HAL_TIM_PWM_Init  stm32f1xx_hal_tim.o
    0x08002e46   0x08002e46   0x00000002   PAD
    0x08002e48   0x08002e48   0x00000002   Code   RO          707    .text.HAL_TIM_PWM_MspInit  stm32f1xx_hal_tim.o
    0x08002e4a   0x08002e4a   0x00000002   PAD
    0x08002e4c   0x08002e4c   0x00000002   Code   RO          791    .text.HAL_TIM_PWM_PulseFinishedCallback  stm32f1xx_hal_tim.o
    0x08002e4e   0x08002e4e   0x00000002   PAD
    0x08002e50   0x08002e50   0x000000de   Code   RO          713    .text.HAL_TIM_PWM_Start  stm32f1xx_hal_tim.o
    0x08002f2e   0x08002f2e   0x00000002   PAD
    0x08002f30   0x08002f30   0x00000100   Code   RO           17    .text.HAL_TIM_PeriodElapsedCallback  main.o
    0x08003030   0x08003030   0x00000034   Code   RO          841    .text.HAL_TIM_ReadCapturedValue  stm32f1xx_hal_tim.o
    0x08003064   0x08003064   0x00000002   Code   RO          795    .text.HAL_TIM_TriggerCallback  stm32f1xx_hal_tim.o
    0x08003066   0x08003066   0x00000002   PAD
    0x08003068   0x08003068   0x00000002   Code   RO         1054    .text.HAL_UARTEx_RxEventCallback  stm32f1xx_hal_uart.o
    0x0800306a   0x0800306a   0x00000002   PAD
    0x0800306c   0x0800306c   0x00000002   Code   RO         1052    .text.HAL_UART_ErrorCallback  stm32f1xx_hal_uart.o
    0x0800306e   0x0800306e   0x00000002   PAD
    0x08003070   0x08003070   0x00000570   Code   RO         1046    .text.HAL_UART_IRQHandler  stm32f1xx_hal_uart.o
    0x080035e0   0x080035e0   0x000000e2   Code   RO          970    .text.HAL_UART_Init  stm32f1xx_hal_uart.o
    0x080036c2   0x080036c2   0x00000002   PAD
    0x080036c4   0x080036c4   0x000000c6   Code   RO          104    .text.HAL_UART_MspInit  usart.o
    0x0800378a   0x0800378a   0x00000002   PAD
    0x0800378c   0x0800378c   0x00000002   Code   RO         1060    .text.HAL_UART_RxCpltCallback  stm32f1xx_hal_uart.o
    0x0800378e   0x0800378e   0x00000002   PAD
    0x08003790   0x08003790   0x00000278   Code   RO          984    .text.HAL_UART_Transmit  stm32f1xx_hal_uart.o
    0x08003a08   0x08003a08   0x00000002   Code   RO         1056    .text.HAL_UART_TxCpltCallback  stm32f1xx_hal_uart.o
    0x08003a0a   0x08003a0a   0x00000002   PAD
    0x08003a0c   0x08003a0c   0x00000002   Code   RO          120    .text.HardFault_Handler  stm32f1xx_it.o
    0x08003a0e   0x08003a0e   0x00000002   PAD
    0x08003a10   0x08003a10   0x000000c8   Code   RO          226    .text.I2C_RequestMemoryWrite  stm32f1xx_hal_i2c.o
    0x08003ad8   0x08003ad8   0x000000ba   Code   RO          194    .text.I2C_WaitOnBTFFlagUntilTimeout  stm32f1xx_hal_i2c.o
    0x08003b92   0x08003b92   0x00000002   PAD
    0x08003b94   0x08003b94   0x000001ca   Code   RO          190    .text.I2C_WaitOnFlagUntilTimeout  stm32f1xx_hal_i2c.o
    0x08003d5e   0x08003d5e   0x00000002   PAD
    0x08003d60   0x08003d60   0x000000d6   Code   RO          308    .text.I2C_WaitOnMasterAddressFlagUntilTimeout  stm32f1xx_hal_i2c.o
    0x08003e36   0x08003e36   0x00000002   PAD
    0x08003e38   0x08003e38   0x000000ba   Code   RO          192    .text.I2C_WaitOnTXEFlagUntilTimeout  stm32f1xx_hal_i2c.o
    0x08003ef2   0x08003ef2   0x00000002   PAD
    0x08003ef4   0x08003ef4   0x0000002e   Code   RO         1212    .text.MOTOR_init    motor.o
    0x08003f22   0x08003f22   0x00000002   PAD
    0x08003f24   0x08003f24   0x00000034   Code   RO           42    .text.MX_DMA_Init   dma.o
    0x08003f58   0x08003f58   0x000000de   Code   RO           32    .text.MX_GPIO_Init  gpio.o
    0x08004036   0x08004036   0x00000002   PAD
    0x08004038   0x08004038   0x00000042   Code   RO           51    .text.MX_I2C1_Init  i2c.o
    0x0800407a   0x0800407a   0x00000002   PAD
    0x0800407c   0x0800407c   0x00000190   Code   RO           66    .text.MX_TIM2_Init  tim.o
    0x0800420c   0x0800420c   0x0000006c   Code   RO           70    .text.MX_TIM3_Init  tim.o
    0x08004278   0x08004278   0x000000ba   Code   RO           72    .text.MX_TIM4_Init  tim.o
    0x08004332   0x08004332   0x00000002   PAD
    0x08004334   0x08004334   0x0000006c   Code   RO           74    .text.MX_TIM5_Init  tim.o
    0x080043a0   0x080043a0   0x00000056   Code   RO           76    .text.MX_TIM6_Init  tim.o
    0x080043f6   0x080043f6   0x00000002   PAD
    0x080043f8   0x080043f8   0x00000056   Code   RO           78    .text.MX_TIM7_Init  tim.o
    0x0800444e   0x0800444e   0x00000002   PAD
    0x08004450   0x08004450   0x0000003c   Code   RO          102    .text.MX_USART1_UART_Init  usart.o
    0x0800448c   0x0800448c   0x00000002   Code   RO          122    .text.MemManage_Handler  stm32f1xx_it.o
    0x0800448e   0x0800448e   0x00000002   PAD
    0x08004490   0x08004490   0x00000002   Code   RO          118    .text.NMI_Handler   stm32f1xx_it.o
    0x08004492   0x08004492   0x00000002   PAD
    0x08004494   0x08004494   0x000000ac   Code   RO         1107    .text.OLED_Clear    oled.o
    0x08004540   0x08004540   0x0000006a   Code   RO         1117    .text.OLED_Display_On  oled.o
    0x080045aa   0x080045aa   0x00000002   PAD
    0x080045ac   0x080045ac   0x0000021a   Code   RO         1105    .text.OLED_Init     oled.o
    0x080047c6   0x080047c6   0x00000002   PAD
    0x080047c8   0x080047c8   0x000006ce   Code   RO         1125    .text.OLED_ShowChar  oled.o
    0x08004e96   0x08004e96   0x00000002   PAD
    0x08004e98   0x08004e98   0x0000011c   Code   RO         1129    .text.OLED_ShowNum  oled.o
    0x08004fb4   0x08004fb4   0x000000ac   Code   RO         1127    .text.OLED_ShowString  oled.o
    0x08005060   0x08005060   0x00000270   Code   RO         1131    .text.OLED_Showdecimal  oled.o
    0x080052d0   0x080052d0   0x00000002   Code   RO          132    .text.PendSV_Handler  stm32f1xx_it.o
    0x080052d2   0x080052d2   0x00000002   PAD
    0x080052d4   0x080052d4   0x00000022   Code   RO         1170    .text.RANGE_AcquireData  range.o
    0x080052f6   0x080052f6   0x00000002   PAD
    0x080052f8   0x080052f8   0x00000048   Code   RO         1172    .text.RANGE_Alarm   range.o
    0x08005340   0x08005340   0x00000002   Code   RO          128    .text.SVC_Handler   stm32f1xx_it.o
    0x08005342   0x08005342   0x00000002   PAD
    0x08005344   0x08005344   0x00000004   Code   RO          134    .text.SysTick_Handler  stm32f1xx_it.o
    0x08005348   0x08005348   0x00000002   Code   RO         1090    .text.SystemInit    system_stm32f1xx.o
    0x0800534a   0x0800534a   0x00000002   PAD
    0x0800534c   0x0800534c   0x0000000c   Code   RO          138    .text.TIM3_IRQHandler  stm32f1xx_it.o
    0x08005358   0x08005358   0x0000000c   Code   RO          140    .text.TIM4_IRQHandler  stm32f1xx_it.o
    0x08005364   0x08005364   0x0000000c   Code   RO          144    .text.TIM5_IRQHandler  stm32f1xx_it.o
    0x08005370   0x08005370   0x0000000c   Code   RO          146    .text.TIM6_IRQHandler  stm32f1xx_it.o
    0x0800537c   0x0800537c   0x0000000c   Code   RO          148    .text.TIM7_IRQHandler  stm32f1xx_it.o
    0x08005388   0x08005388   0x0000000c   Code   RO         1050    .text.UART_DMAAbortOnError  stm32f1xx_hal_uart.o
    0x08005394   0x08005394   0x000000fe   Code   RO         1048    .text.UART_Receive_IT  stm32f1xx_hal_uart.o
    0x08005492   0x08005492   0x00000002   PAD
    0x08005494   0x08005494   0x0000000c   Code   RO          142    .text.USART1_IRQHandler  stm32f1xx_it.o
    0x080054a0   0x080054a0   0x00000002   Code   RO          126    .text.UsageFault_Handler  stm32f1xx_it.o
    0x080054a2   0x080054a2   0x00000002   PAD
    0x080054a4   0x080054a4   0x00000004   Code   RO         1184    .text.delay_us      delay.o
    0x080054a8   0x080054a8   0x00000020   Code   RO           19    .text.fputc         main.o
    0x080054c8   0x080054c8   0x0000012c   Code   RO           11    .text.main          main.o
    0x080055f4   0x080055f4   0x00000020   Code   RO         1478    i.__0printf         mc_w.l(printfa.o)
    0x08005614   0x08005614   0x0000000e   Code   RO         1583    i.__scatterload_copy  mc_w.l(handlers.o)
    0x08005622   0x08005622   0x00000002   Code   RO         1584    i.__scatterload_null  mc_w.l(handlers.o)
    0x08005624   0x08005624   0x0000000e   Code   RO         1585    i.__scatterload_zeroinit  mc_w.l(handlers.o)
    0x08005632   0x08005632   0x00000002   PAD
    0x08005634   0x08005634   0x00000184   Code   RO         1485    i._fp_digits        mc_w.l(printfa.o)
    0x080057b8   0x080057b8   0x000006dc   Code   RO         1486    i._printf_core      mc_w.l(printfa.o)
    0x08005e94   0x08005e94   0x00000024   Code   RO         1487    i._printf_post_padding  mc_w.l(printfa.o)
    0x08005eb8   0x08005eb8   0x0000002e   Code   RO         1488    i._printf_pre_padding  mc_w.l(printfa.o)
    0x08005ee6   0x08005ee6   0x00000010   Data   RO         1095    .rodata.AHBPrescTable  system_stm32f1xx.o
    0x08005ef6   0x08005ef6   0x00000008   Data   RO         1096    .rodata.APBPrescTable  system_stm32f1xx.o
    0x08005efe   0x08005efe   0x00000228   Data   RO         1159    .rodata.F6x8        oledfont.o
    0x08006126   0x08006126   0x000005e0   Data   RO         1160    .rodata.F8X16       oledfont.o
    0x08006706   0x08006706   0x00000002   Data   RO          407    .rodata.HAL_RCC_GetSysClockFreq.aPredivFactorTable  stm32f1xx_hal_rcc.o
    0x08006708   0x08006708   0x00000010   Data   RO          406    .rodata.cst16       stm32f1xx_hal_rcc.o
    0x08006718   0x08006718   0x00000020   Data   RO          871    .rodata.cst16       stm32f1xx_hal_tim.o
    0x08006738   0x08006738   0x00000020   Data   RO         1582    Region$$Table       anon$$obj.o


    Execution Region RW_IRAM1 (Exec base: 0x20000000, Load base: 0x08006758, Size: 0x000006e8, Max: 0x0000c000, ABSOLUTE)

    Exec Addr    Load Addr    Size         Type   Attr      Idx    E Section Name        Object

    0x20000000   0x08006758   0x00000004   Data   RW         1546    .data               mc_w.l(stdout.o)
    0x20000004   0x0800675c   0x00000008   Data   RW          369    .data..L_MergedGlobals  stm32f1xx_hal.o
    0x2000000c   0x08006764   0x00000017   Data   RW         1149    .data.CMD_Data      oled.o
    0x20000023   0x0800677b   0x00000001   PAD
    0x20000024   0x0800677c   0x00000004   Data   RW         1094    .data.SystemCoreClock  system_stm32f1xx.o
    0x20000028        -       0x00000014   Zero   RW         1175    .bss..L_MergedGlobals  range.o
    0x2000003c        -       0x00000004   Zero   RW         1150    .bss.I2C_HANDLE     oled.o
    0x20000040        -       0x00000044   Zero   RW          109    .bss.hdma_usart1_tx  usart.o
    0x20000084        -       0x00000054   Zero   RW           57    .bss.hi2c1          i2c.o
    0x200000d8        -       0x00000048   Zero   RW           88    .bss.htim2          tim.o
    0x20000120        -       0x00000048   Zero   RW           89    .bss.htim3          tim.o
    0x20000168        -       0x00000048   Zero   RW           90    .bss.htim4          tim.o
    0x200001b0        -       0x00000048   Zero   RW           91    .bss.htim5          tim.o
    0x200001f8        -       0x00000048   Zero   RW           92    .bss.htim6          tim.o
    0x20000240        -       0x00000048   Zero   RW           93    .bss.htim7          tim.o
    0x20000288        -       0x00000048   Zero   RW          108    .bss.huart1         usart.o
    0x200002d0        -       0x0000000c   Zero   RW         1226    .bss.measure        encoder.o
    0x200002dc        -       0x00000001   Zero   RW         1174    .bss.test           range.o
    0x200002dd   0x08006780   0x00000003   PAD
    0x200002e0        -       0x00000004   Zero   RW          368    .bss.uwTick         stm32f1xx_hal.o
    0x200002e4   0x08006780   0x00000004   PAD
    0x200002e8        -       0x00000400   Zero   RW            1    STACK               startup_stm32f103xe.o


==============================================================================

Image component sizes


      Code (inc. data)   RO Data    RW Data    ZI Data      Debug   Object Name

         4          0          0          0          0        660   delay.o
        52          0          0          0          0       2495   dma.o
        62          0          0          0         12       3772   encoder.o
       222          0          0          0          0       1813   gpio.o
       188          0          0          0         84       4879   i2c.o
       598          4          0          0          0       7530   main.o
        46          0          0          0          0       4210   motor.o
      3638          0          0         23          4      23633   oled.o
         0          0       2056          0          0        515   oledfont.o
       248         24          0          0         21       4321   range.o
        36          8        304          0       1024        780   startup_stm32f103xe.o
       188          0          0          8          4       6072   stm32f1xx_hal.o
       196          0          0          0          0       8763   stm32f1xx_hal_cortex.o
      1186          0          0          0          0       8571   stm32f1xx_hal_dma.o
       508         22          0          0          0       4596   stm32f1xx_hal_gpio.o
      1948          0          0          0          0      44349   stm32f1xx_hal_i2c.o
        66          0          0          0          0       1192   stm32f1xx_hal_msp.o
      1562          0         18          0          0       7923   stm32f1xx_hal_rcc.o
      4226         16         32          0          0      56430   stm32f1xx_hal_tim.o
       154          0          0          0          0      20702   stm32f1xx_hal_tim_ex.o
      2524          0          0          0          0      32584   stm32f1xx_hal_uart.o
       104          0          0          0          0       6054   stm32f1xx_it.o
         2          0         24          4          0       1580   system_stm32f1xx.o
      1418          8          0          0        432      11738   tim.o
       258          0          0          0        140       6052   usart.o

    ----------------------------------------------------------------------
     19560         82       2466         36       1728     271214   Object Totals
         0          0         32          0          0          0   (incl. Generated)
       126          0          0          1          7          0   (incl. Padding)

    ----------------------------------------------------------------------

      Code (inc. data)   RO Data    RW Data    ZI Data      Debug   Library Member Name

         0          0          0          0          0          0   entry.o
         0          0          0          0          0          0   entry10a.o
         0          0          0          0          0          0   entry11a.o
         8          4          0          0          0          0   entry2.o
         4          0          0          0          0          0   entry5.o
         0          0          0          0          0          0   entry7b.o
         0          0          0          0          0          0   entry8b.o
         8          4          0          0          0          0   entry9a.o
        30          0          0          0          0          0   handlers.o
        48         10          0          0          0         68   init.o
         0          0          0          0          0          0   iusefp.o
        30          0          0          0          0         68   llshl.o
        36          0          0          0          0         68   llsshr.o
        32          0          0          0          0         68   llushr.o
      2258         90          0          0          0        452   printfa.o
         0          0          0          4          0          0   stdout.o
        44          0          0          0          0         80   uidiv.o
        98          0          0          0          0         92   uldiv.o
        48          0          0          0          0         68   cdrcmple.o
        56          0          0          0          0         88   d2f.o
       334          0          0          0          0        148   dadd.o
       222          0          0          0          0        100   ddiv.o
       186          0          0          0          0        176   depilogue.o
        48          0          0          0          0         68   dfixul.o
        26          0          0          0          0         76   dfltui.o
       228          0          0          0          0         96   dmul.o
        38          0          0          0          0         68   f2d.o
       176          0          0          0          0        140   fadd.o
        28          0          0          0          0         68   fcmpge.o
        28          0          0          0          0         68   fcmplt.o
       124          0          0          0          0         88   fdiv.o
       110          0          0          0          0        168   fepilogue.o
        50          0          0          0          0         68   ffixi.o
        18          0          0          0          0         68   fflti.o
        10          0          0          0          0         68   ffltui.o
       100          0          0          0          0         76   fmul.o

    ----------------------------------------------------------------------
      4430        108          0          4          0       2596   Library Totals
         4          0          0          0          0          0   (incl. Padding)

    ----------------------------------------------------------------------

      Code (inc. data)   RO Data    RW Data    ZI Data      Debug   Library Name

      2596        108          0          4          0        896   mc_w.l
      1830          0          0          0          0       1700   mf_w.l

    ----------------------------------------------------------------------
      4430        108          0          4          0       2596   Library Totals

    ----------------------------------------------------------------------

==============================================================================


      Code (inc. data)   RO Data    RW Data    ZI Data      Debug   

     23990        190       2466         40       1728     272170   Grand Totals
     23990        190       2466         40       1728     272170   ELF Image Totals
     23990        190       2466         40          0          0   ROM Totals

==============================================================================

    Total RO  Size (Code + RO Data)                26456 (  25.84kB)
    Total RW  Size (RW Data + ZI Data)              1768 (   1.73kB)
    Total ROM Size (Code + RO Data + RW Data)      26496 (  25.88kB)

==============================================================================

